Component: ARM Compiler 5.05 update 1 (build 106) Tool: armlink [4d0efa]

==============================================================================

Section Cross References

    main.o(i.main) refers to system_stm32f10x.o(i.SystemInit) for SystemInit
    main.o(i.main) refers to delay.o(i.delayInit) for delayInit
    main.o(i.main) refers to jointcoder.o(i.jointCoderInit) for jointCoderInit
    main.o(i.main) refers to iwdg.o(i.iwdgInit) for iwdgInit
    main.o(i.main) refers to can.o(i.can1ModeInit) for can1ModeInit
    main.o(i.main) refers to can.o(i.can2ModeInit) for can2ModeInit
    main.o(i.main) refers to jointcoder.o(i.getJointCoder) for getJointCoder
    main.o(i.main) refers to led.o(i.LED_Init) for LED_Init
    main.o(i.main) refers to stm32f10x_iwdg.o(i.IWDG_ReloadCounter) for IWDG_ReloadCounter
    main.o(i.main) refers to motor.o(i.jointMsgProcess) for jointMsgProcess
    main.o(i.main) refers to can.o(i.can1SendMsg) for can1SendMsg
    main.o(i.main) refers to control.o(i.ControlProcess) for ControlProcess
    main.o(i.main) refers to system_stm32f10x.o(.data) for SystemCoreClock
    main.o(i.main) refers to main.o(.data) for kneeAngleOffset
    main.o(i.main) refers to motor.o(.data) for jointPositionMsg
    stm32f10x_it.o(i.SysTick_Handler) refers to main.o(.data) for timeCountMs
    system_stm32f10x.o(i.SetSysClock) refers to system_stm32f10x.o(i.SetSysClockTo72) for SetSysClockTo72
    system_stm32f10x.o(i.SystemCoreClockUpdate) refers to system_stm32f10x.o(.data) for SystemCoreClock
    system_stm32f10x.o(i.SystemInit) refers to system_stm32f10x.o(i.SetSysClock) for SetSysClock
    iwdg.o(i.iwdgInit) refers to stm32f10x_iwdg.o(i.IWDG_WriteAccessCmd) for IWDG_WriteAccessCmd
    iwdg.o(i.iwdgInit) refers to stm32f10x_iwdg.o(i.IWDG_SetPrescaler) for IWDG_SetPrescaler
    iwdg.o(i.iwdgInit) refers to stm32f10x_iwdg.o(i.IWDG_SetReload) for IWDG_SetReload
    iwdg.o(i.iwdgInit) refers to stm32f10x_iwdg.o(i.IWDG_ReloadCounter) for IWDG_ReloadCounter
    iwdg.o(i.iwdgInit) refers to stm32f10x_iwdg.o(i.IWDG_Enable) for IWDG_Enable
    control.o(i.ControlProcess) refers to control.o(i.PID_init) for PID_init
    control.o(i.ControlProcess) refers to dflt_clz.o(x$fpl$dflt) for __aeabi_i2d
    control.o(i.ControlProcess) refers to ddiv.o(x$fpl$ddiv) for __aeabi_ddiv
    control.o(i.ControlProcess) refers to dfix.o(x$fpl$dfix) for __aeabi_d2iz
    control.o(i.ControlProcess) refers to control.o(i.PID_control) for PID_control
    control.o(i.ControlProcess) refers to ffix.o(x$fpl$ffix) for __aeabi_f2iz
    control.o(i.ControlProcess) refers to can.o(i.can2SendMsg) for can2SendMsg
    control.o(i.ControlProcess) refers to control.o(.bss) for Ctl_Msgs
    control.o(i.ControlProcess) refers to can.o(.data) for can1RxFinishFlg
    control.o(i.ControlProcess) refers to control.o(.data) for knee_pos_target
    control.o(i.ControlProcess) refers to main.o(.data) for kneeAngle
    control.o(i.PID_control) refers to fflt_clz.o(x$fpl$fflt) for __aeabi_i2f
    control.o(i.PID_control) refers to faddsub_clz.o(x$fpl$fsub) for __aeabi_fsub
    control.o(i.PID_control) refers to fmul.o(x$fpl$fmul) for __aeabi_fmul
    control.o(i.PID_control) refers to faddsub_clz.o(x$fpl$fadd) for __aeabi_fadd
    control.o(i.PID_control) refers to control.o(.bss) for PID
    control.o(i.PID_init) refers to control.o(.bss) for PID
    startup_stm32f10x_cl.o(STACK) refers (Special) to heapauxi.o(.text) for __use_two_region_memory
    startup_stm32f10x_cl.o(HEAP) refers (Special) to heapauxi.o(.text) for __use_two_region_memory
    startup_stm32f10x_cl.o(RESET) refers (Special) to heapauxi.o(.text) for __use_two_region_memory
    startup_stm32f10x_cl.o(RESET) refers to startup_stm32f10x_cl.o(STACK) for __initial_sp
    startup_stm32f10x_cl.o(RESET) refers to startup_stm32f10x_cl.o(.text) for Reset_Handler
    startup_stm32f10x_cl.o(RESET) refers to stm32f10x_it.o(i.NMI_Handler) for NMI_Handler
    startup_stm32f10x_cl.o(RESET) refers to stm32f10x_it.o(i.HardFault_Handler) for HardFault_Handler
    startup_stm32f10x_cl.o(RESET) refers to stm32f10x_it.o(i.MemManage_Handler) for MemManage_Handler
    startup_stm32f10x_cl.o(RESET) refers to stm32f10x_it.o(i.BusFault_Handler) for BusFault_Handler
    startup_stm32f10x_cl.o(RESET) refers to stm32f10x_it.o(i.UsageFault_Handler) for UsageFault_Handler
    startup_stm32f10x_cl.o(RESET) refers to stm32f10x_it.o(i.SVC_Handler) for SVC_Handler
    startup_stm32f10x_cl.o(RESET) refers to stm32f10x_it.o(i.DebugMon_Handler) for DebugMon_Handler
    startup_stm32f10x_cl.o(RESET) refers to stm32f10x_it.o(i.PendSV_Handler) for PendSV_Handler
    startup_stm32f10x_cl.o(RESET) refers to stm32f10x_it.o(i.SysTick_Handler) for SysTick_Handler
    startup_stm32f10x_cl.o(RESET) refers to can.o(i.CAN1_RX0_IRQHandler) for CAN1_RX0_IRQHandler
    startup_stm32f10x_cl.o(RESET) refers to usart.o(i.USART1_IRQHandler) for USART1_IRQHandler
[...]
    Removing stm32f10x_adc.o(i.ADC_ExternalTrigInjectedConvConfig), (16 bytes).
    Removing stm32f10x_adc.o(i.ADC_GetDualModeConversionValue), (12 bytes).
    Removing stm32f10x_adc.o(i.ADC_GetITStatus), (36 bytes).
    Removing stm32f10x_adc.o(i.ADC_GetInjectedConversionValue), (28 bytes).
    Removing stm32f10x_adc.o(i.ADC_GetSoftwareStartConvStatus), (20 bytes).
    Removing stm32f10x_adc.o(i.ADC_GetSoftwareStartInjectedConvCmdStatus), (20 bytes).
    Removing stm32f10x_adc.o(i.ADC_ITConfig), (24 bytes).
    Removing stm32f10x_adc.o(i.ADC_InjectedChannelConfig), (130 bytes).
    Removing stm32f10x_adc.o(i.ADC_InjectedDiscModeCmd), (22 bytes).
    Removing stm32f10x_adc.o(i.ADC_InjectedSequencerLengthConfig), (24 bytes).
    Removing stm32f10x_adc.o(i.ADC_SetInjectedOffset), (20 bytes).
    Removing stm32f10x_adc.o(i.ADC_SoftwareStartInjectedConvCmd), (22 bytes).
    Removing stm32f10x_adc.o(i.ADC_StructInit), (18 bytes).
    Removing stm32f10x_adc.o(i.ADC_TempSensorVrefintCmd), (36 bytes).
    Removing stm32f10x_bkp.o(i.BKP_ClearFlag), (20 bytes).
    Removing stm32f10x_bkp.o(i.BKP_ClearITPendingBit), (20 bytes).
    Removing stm32f10x_bkp.o(i.BKP_DeInit), (16 bytes).
    Removing stm32f10x_bkp.o(i.BKP_GetFlagStatus), (12 bytes).
    Removing stm32f10x_bkp.o(i.BKP_GetITStatus), (12 bytes).
    Removing stm32f10x_bkp.o(i.BKP_ITConfig), (12 bytes).
    Removing stm32f10x_bkp.o(i.BKP_RTCOutputConfig), (28 bytes).
    Removing stm32f10x_bkp.o(i.BKP_ReadBackupRegister), (28 bytes).
    Removing stm32f10x_bkp.o(i.BKP_SetRTCCalibrationValue), (28 bytes).
    Removing stm32f10x_bkp.o(i.BKP_TamperPinCmd), (12 bytes).
    Removing stm32f10x_bkp.o(i.BKP_TamperPinLevelConfig), (12 bytes).
    Removing stm32f10x_bkp.o(i.BKP_WriteBackupRegister), (28 bytes).
    Removing stm32f10x_can.o(i.CAN_CancelTransmit), (48 bytes).
    Removing stm32f10x_can.o(i.CAN_ClearFlag), (56 bytes).
    Removing stm32f10x_can.o(i.CAN_ClearITPendingBit), (168 bytes).
    Removing stm32f10x_can.o(i.CAN_DBGFreeze), (22 bytes).
    Removing stm32f10x_can.o(i.CAN_DeInit), (56 bytes).
    Removing stm32f10x_can.o(i.CAN_FIFORelease), (22 bytes).
    Removing stm32f10x_can.o(i.CAN_GetFlagStatus), (120 bytes).
    Removing stm32f10x_can.o(i.CAN_GetITStatus), (288 bytes).
    Removing stm32f10x_can.o(i.CAN_GetLSBTransmitErrorCounter), (12 bytes).
    Removing stm32f10x_can.o(i.CAN_GetLastErrorCode), (12 bytes).
    Removing stm32f10x_can.o(i.CAN_GetReceiveErrorCounter), (10 bytes).
    Removing stm32f10x_can.o(i.CAN_MessagePending), (30 bytes).
    Removing stm32f10x_can.o(i.CAN_OperatingModeRequest), (162 bytes).
    Removing stm32f10x_can.o(i.CAN_SlaveStartBank), (52 bytes).
    Removing stm32f10x_can.o(i.CAN_Sleep), (30 bytes).
    Removing stm32f10x_can.o(i.CAN_StructInit), (32 bytes).
    Removing stm32f10x_can.o(i.CAN_TTComModeCmd), (118 bytes).
    Removing stm32f10x_can.o(i.CAN_WakeUp), (48 bytes).
    Removing stm32f10x_can.o(i.CheckITStatus), (18 bytes).
    Removing stm32f10x_crc.o(i.CRC_CalcBlockCRC), (36 bytes).
    Removing stm32f10x_crc.o(i.CRC_CalcCRC), (16 bytes).
    Removing stm32f10x_crc.o(i.CRC_GetCRC), (12 bytes).
    Removing stm32f10x_crc.o(i.CRC_GetIDRegister), (12 bytes).
    Removing stm32f10x_crc.o(i.CRC_ResetDR), (12 bytes).
    Removing stm32f10x_crc.o(i.CRC_SetIDRegister), (12 bytes).
    Removing stm32f10x_dbgmcu.o(i.DBGMCU_Config), (32 bytes).
    Removing stm32f10x_dbgmcu.o(i.DBGMCU_GetDEVID), (16 bytes).
    Removing stm32f10x_dbgmcu.o(i.DBGMCU_GetREVID), (12 bytes).
    Removing stm32f10x_exti.o(i.EXTI_ClearFlag), (12 bytes).
    Removing stm32f10x_exti.o(i.EXTI_ClearITPendingBit), (12 bytes).
    Removing stm32f10x_exti.o(i.EXTI_DeInit), (36 bytes).
    Removing stm32f10x_exti.o(i.EXTI_GenerateSWInterrupt), (16 bytes).
    Removing stm32f10x_exti.o(i.EXTI_GetFlagStatus), (24 bytes).
    Removing stm32f10x_exti.o(i.EXTI_GetITStatus), (40 bytes).
    Removing stm32f10x_exti.o(i.EXTI_Init), (148 bytes).
    Removing stm32f10x_exti.o(i.EXTI_StructInit), (16 bytes).
    Removing stm32f10x_gpio.o(i.GPIO_AFIODeInit), (20 bytes).
    Removing stm32f10x_gpio.o(i.GPIO_DeInit), (200 bytes).
    Removing stm32f10x_gpio.o(i.GPIO_ETH_MediaInterfaceConfig), (12 bytes).
    Removing stm32f10x_gpio.o(i.GPIO_EXTILineConfig), (64 bytes).
    Removing stm32f10x_gpio.o(i.GPIO_EventOutputCmd), (12 bytes).
    Removing stm32f10x_gpio.o(i.GPIO_EventOutputConfig), (32 bytes).
    Removing stm32f10x_gpio.o(i.GPIO_PinLockConfig), (18 bytes).
    Removing stm32f10x_gpio.o(i.GPIO_PinRemapConfig), (144 bytes).
    Removing stm32f10x_gpio.o(i.GPIO_ReadInputData), (8 bytes).
    Removing stm32f10x_gpio.o(i.GPIO_ReadInputDataBit), (18 bytes).
    Removing stm32f10x_gpio.o(i.GPIO_ReadOutputData), (8 bytes).
    Removing stm32f10x_gpio.o(i.GPIO_ReadOutputDataBit), (18 bytes).
    Removing stm32f10x_gpio.o(i.GPIO_ResetBits), (4 bytes).
    Removing stm32f10x_gpio.o(i.GPIO_StructInit), (16 bytes).
    Removing stm32f10x_gpio.o(i.GPIO_Write), (4 bytes).
    Removing stm32f10x_gpio.o(i.GPIO_WriteBit), (10 bytes).
    Removing stm32f10x_rcc.o(i.RCC_AHBPeriphClockCmd), (32 bytes).
    Removing stm32f10x_rcc.o(i.RCC_AHBPeriphResetCmd), (32 bytes).
    Removing stm32f10x_rcc.o(i.RCC_APB1PeriphResetCmd), (32 bytes).
    Removing stm32f10x_rcc.o(i.RCC_AdjustHSICalibrationValue), (24 bytes).
    Removing stm32f10x_rcc.o(i.RCC_BackupResetCmd), (12 bytes).
    Removing stm32f10x_rcc.o(i.RCC_ClearFlag), (20 bytes).
    Removing stm32f10x_rcc.o(i.RCC_ClearITPendingBit), (12 bytes).
    Removing stm32f10x_rcc.o(i.RCC_ClockSecuritySystemCmd), (12 bytes).
    Removing stm32f10x_rcc.o(i.RCC_DeInit), (92 bytes).
    Removing stm32f10x_rcc.o(i.RCC_GetClocksFreq), (396 bytes).
    Removing stm32f10x_rcc.o(i.RCC_GetFlagStatus), (60 bytes).
    Removing stm32f10x_rcc.o(i.RCC_GetITStatus), (24 bytes).
    Removing stm32f10x_rcc.o(i.RCC_GetSYSCLKSource), (16 bytes).
    Removing stm32f10x_rcc.o(i.RCC_HCLKConfig), (24 bytes).
    Removing stm32f10x_rcc.o(i.RCC_HSEConfig), (76 bytes).
    Removing stm32f10x_rcc.o(i.RCC_HSICmd), (12 bytes).
    Removing stm32f10x_rcc.o(i.RCC_I2S2CLKConfig), (12 bytes).
    Removing stm32f10x_rcc.o(i.RCC_I2S3CLKConfig), (12 bytes).
    Removing stm32f10x_rcc.o(i.RCC_ITConfig), (32 bytes).
    Removing stm32f10x_rcc.o(i.RCC_LSEConfig), (52 bytes).
    Removing stm32f10x_rcc.o(i.RCC_LSICmd), (12 bytes).
    Removing stm32f10x_rcc.o(i.RCC_MCOConfig), (12 bytes).
    Removing stm32f10x_rcc.o(i.RCC_OTGFSCLKConfig), (12 bytes).
    Removing stm32f10x_rcc.o(i.RCC_PCLK1Config), (24 bytes).
    Removing stm32f10x_rcc.o(i.RCC_PCLK2Config), (24 bytes).
    Removing stm32f10x_rcc.o(i.RCC_PLL2Cmd), (12 bytes).
    Removing stm32f10x_rcc.o(i.RCC_PLL2Config), (24 bytes).
    Removing stm32f10x_rcc.o(i.RCC_PLL3Cmd), (12 bytes).
    Removing stm32f10x_rcc.o(i.RCC_PLL3Config), (24 bytes).
    Removing stm32f10x_rcc.o(i.RCC_PLLCmd), (12 bytes).
    Removing stm32f10x_rcc.o(i.RCC_PLLConfig), (28 bytes).
    Removing stm32f10x_rcc.o(i.RCC_PREDIV1Config), (32 bytes).
    Removing stm32f10x_rcc.o(i.RCC_PREDIV2Config), (24 bytes).
    Removing stm32f10x_rcc.o(i.RCC_RTCCLKCmd), (12 bytes).
    Removing stm32f10x_rcc.o(i.RCC_RTCCLKConfig), (16 bytes).
    Removing stm32f10x_rcc.o(i.RCC_SYSCLKConfig), (24 bytes).
    Removing stm32f10x_rcc.o(i.RCC_WaitForHSEStartUp), (56 bytes).
    Removing stm32f10x_rcc.o(.data), (20 bytes).
    Removing stm32f10x_rtc.o(i.RTC_ClearFlag), (16 bytes).
    Removing stm32f10x_rtc.o(i.RTC_ClearITPendingBit), (16 bytes).
    Removing stm32f10x_rtc.o(i.RTC_EnterConfigMode), (20 bytes).
    Removing stm32f10x_rtc.o(i.RTC_ExitConfigMode), (20 bytes).
    Removing stm32f10x_rtc.o(i.RTC_GetCounter), (20 bytes).
    Removing stm32f10x_rtc.o(i.RTC_GetDivider), (24 bytes).
    Removing stm32f10x_rtc.o(i.RTC_GetFlagStatus), (24 bytes).
    Removing stm32f10x_rtc.o(i.RTC_GetITStatus), (36 bytes).
    Removing stm32f10x_rtc.o(i.RTC_ITConfig), (32 bytes).
    Removing stm32f10x_rtc.o(i.RTC_SetAlarm), (28 bytes).
    Removing stm32f10x_rtc.o(i.RTC_SetCounter), (28 bytes).
    Removing stm32f10x_rtc.o(i.RTC_SetPrescaler), (32 bytes).
    Removing stm32f10x_rtc.o(i.RTC_WaitForLastTask), (20 bytes).
    Removing stm32f10x_rtc.o(i.RTC_WaitForSynchro), (36 bytes).
    Removing stm32f10x_sdio.o(i.SDIO_CEATAITCmd), (16 bytes).
    Removing stm32f10x_sdio.o(i.SDIO_ClearFlag), (12 bytes).
    Removing stm32f10x_sdio.o(i.SDIO_ClearITPendingBit), (12 bytes).
    Removing stm32f10x_sdio.o(i.SDIO_ClockCmd), (12 bytes).
    Removing stm32f10x_sdio.o(i.SDIO_CmdStructInit), (14 bytes).
    Removing stm32f10x_sdio.o(i.SDIO_CommandCompletionCmd), (12 bytes).
    Removing stm32f10x_sdio.o(i.SDIO_DMACmd), (12 bytes).
    Removing stm32f10x_sdio.o(i.SDIO_DataConfig), (48 bytes).
    Removing stm32f10x_sdio.o(i.SDIO_DataStructInit), (20 bytes).
    Removing stm32f10x_sdio.o(i.SDIO_DeInit), (36 bytes).
    Removing stm32f10x_sdio.o(i.SDIO_GetCommandResponse), (12 bytes).
    Removing stm32f10x_sdio.o(i.SDIO_GetDataCounter), (12 bytes).
    Removing stm32f10x_sdio.o(i.SDIO_GetFIFOCount), (12 bytes).
    Removing stm32f10x_sdio.o(i.SDIO_GetFlagStatus), (24 bytes).
    Removing stm32f10x_sdio.o(i.SDIO_GetITStatus), (24 bytes).
    Removing stm32f10x_sdio.o(i.SDIO_GetPowerState), (16 bytes).
    Removing stm32f10x_sdio.o(i.SDIO_GetResponse), (24 bytes).
    Removing stm32f10x_sdio.o(i.SDIO_ITConfig), (32 bytes).
    Removing stm32f10x_sdio.o(i.SDIO_Init), (48 bytes).
    Removing stm32f10x_sdio.o(i.SDIO_ReadData), (12 bytes).
    Removing stm32f10x_sdio.o(i.SDIO_SendCEATACmd), (12 bytes).
    Removing stm32f10x_sdio.o(i.SDIO_SendCommand), (44 bytes).
    Removing stm32f10x_sdio.o(i.SDIO_SendSDIOSuspendCmd), (12 bytes).
    Removing stm32f10x_sdio.o(i.SDIO_SetPowerState), (28 bytes).
    Removing stm32f10x_sdio.o(i.SDIO_SetSDIOOperation), (12 bytes).
    Removing stm32f10x_sdio.o(i.SDIO_SetSDIOReadWaitMode), (12 bytes).
    Removing stm32f10x_sdio.o(i.SDIO_StartSDIOReadWait), (12 bytes).
    Removing stm32f10x_sdio.o(i.SDIO_StopSDIOReadWait), (12 bytes).
    Removing stm32f10x_sdio.o(i.SDIO_StructInit), (16 bytes).
    Removing stm32f10x_sdio.o(i.SDIO_WriteData), (12 bytes).
    Removing stm32f10x_tim.o(i.TI1_Config), (128 bytes).
    Removing stm32f10x_tim.o(i.TI2_Config), (152 bytes).
    Removing stm32f10x_tim.o(i.TI3_Config), (144 bytes).
    Removing stm32f10x_tim.o(i.TI4_Config), (152 bytes).
    Removing stm32f10x_tim.o(i.TIM_ARRPreloadConfig), (24 bytes).
    Removing stm32f10x_tim.o(i.TIM_BDTRConfig), (32 bytes).
    Removing stm32f10x_tim.o(i.TIM_BDTRStructInit), (18 bytes).
    Removing stm32f10x_tim.o(i.TIM_CCPreloadControl), (24 bytes).
    Removing stm32f10x_tim.o(i.TIM_CCxCmd), (30 bytes).
    Removing stm32f10x_tim.o(i.TIM_CCxNCmd), (30 bytes).
    Removing stm32f10x_tim.o(i.TIM_ClearFlag), (6 bytes).
    Removing stm32f10x_tim.o(i.TIM_ClearITPendingBit), (6 bytes).
    Removing stm32f10x_tim.o(i.TIM_ClearOC1Ref), (18 bytes).
    Removing stm32f10x_tim.o(i.TIM_ClearOC2Ref), (24 bytes).
    Removing stm32f10x_tim.o(i.TIM_ClearOC3Ref), (18 bytes).
    Removing stm32f10x_tim.o(i.TIM_ClearOC4Ref), (24 bytes).
    Removing stm32f10x_tim.o(i.TIM_Cmd), (24 bytes).
    Removing stm32f10x_tim.o(i.TIM_CounterModeConfig), (18 bytes).
    Removing stm32f10x_tim.o(i.TIM_CtrlPWMOutputs), (30 bytes).
    Removing stm32f10x_tim.o(i.TIM_DMACmd), (18 bytes).
    Removing stm32f10x_tim.o(i.TIM_DMAConfig), (10 bytes).
    Removing stm32f10x_tim.o(i.TIM_DeInit), (488 bytes).
    Removing stm32f10x_tim.o(i.TIM_ETRClockMode1Config), (54 bytes).
    Removing stm32f10x_tim.o(i.TIM_ETRClockMode2Config), (32 bytes).
    Removing stm32f10x_tim.o(i.TIM_ETRConfig), (28 bytes).
    Removing stm32f10x_tim.o(i.TIM_EncoderInterfaceConfig), (66 bytes).
    Removing stm32f10x_tim.o(i.TIM_ForcedOC1Config), (18 bytes).
    Removing stm32f10x_tim.o(i.TIM_ForcedOC2Config), (26 bytes).
    Removing stm32f10x_tim.o(i.TIM_ForcedOC3Config), (18 bytes).
    Removing stm32f10x_tim.o(i.TIM_ForcedOC4Config), (26 bytes).
    Removing stm32f10x_tim.o(i.TIM_GenerateEvent), (4 bytes).
    Removing stm32f10x_tim.o(i.TIM_GetCapture1), (6 bytes).
    Removing stm32f10x_tim.o(i.TIM_GetCapture2), (6 bytes).
    Removing stm32f10x_tim.o(i.TIM_GetCapture3), (6 bytes).
    Removing stm32f10x_tim.o(i.TIM_GetCapture4), (8 bytes).
    Removing stm32f10x_tim.o(i.TIM_GetCounter), (6 bytes).
    Removing stm32f10x_tim.o(i.TIM_GetFlagStatus), (18 bytes).
    Removing stm32f10x_tim.o(i.TIM_GetITStatus), (34 bytes).
    Removing stm32f10x_tim.o(i.TIM_GetPrescaler), (6 bytes).
    Removing stm32f10x_tim.o(i.TIM_ICInit), (172 bytes).
    Removing stm32f10x_tim.o(i.TIM_ICStructInit), (18 bytes).
    Removing stm32f10x_tim.o(i.TIM_ITConfig), (18 bytes).
    Removing stm32f10x_tim.o(i.TIM_ITRxExternalClockConfig), (24 bytes).
    Removing stm32f10x_tim.o(i.TIM_InternalClockConfig), (12 bytes).
    Removing stm32f10x_tim.o(i.TIM_OC1FastConfig), (18 bytes).
    Removing stm32f10x_tim.o(i.TIM_OC1Init), (152 bytes).
    Removing stm32f10x_tim.o(i.TIM_OC1NPolarityConfig), (18 bytes).
    Removing stm32f10x_tim.o(i.TIM_OC1PolarityConfig), (18 bytes).
    Removing stm32f10x_tim.o(i.TIM_OC1PreloadConfig), (18 bytes).
    Removing stm32f10x_tim.o(i.TIM_OC2FastConfig), (26 bytes).
    Removing stm32f10x_tim.o(i.TIM_OC2Init), (164 bytes).
    Removing stm32f10x_tim.o(i.TIM_OC2NPolarityConfig), (26 bytes).
    Removing stm32f10x_tim.o(i.TIM_OC2PolarityConfig), (26 bytes).
    Removing stm32f10x_tim.o(i.TIM_OC2PreloadConfig), (26 bytes).
    Removing stm32f10x_tim.o(i.TIM_OC3FastConfig), (18 bytes).
    Removing stm32f10x_tim.o(i.TIM_OC3Init), (160 bytes).
    Removing stm32f10x_tim.o(i.TIM_OC3NPolarityConfig), (26 bytes).
    Removing stm32f10x_tim.o(i.TIM_OC3PolarityConfig), (26 bytes).
    Removing stm32f10x_tim.o(i.TIM_OC3PreloadConfig), (18 bytes).
    Removing stm32f10x_tim.o(i.TIM_OC4FastConfig), (26 bytes).
    Removing stm32f10x_tim.o(i.TIM_OC4Init), (124 bytes).
    Removing stm32f10x_tim.o(i.TIM_OC4PolarityConfig), (26 bytes).
    Removing stm32f10x_tim.o(i.TIM_OC4PreloadConfig), (26 bytes).
    Removing stm32f10x_tim.o(i.TIM_OCStructInit), (20 bytes).
    Removing stm32f10x_tim.o(i.TIM_PWMIConfig), (124 bytes).
    Removing stm32f10x_tim.o(i.TIM_PrescalerConfig), (6 bytes).
    Removing stm32f10x_tim.o(i.TIM_SelectCCDMA), (24 bytes).
    Removing stm32f10x_tim.o(i.TIM_SelectCOM), (24 bytes).
    Removing stm32f10x_tim.o(i.TIM_SelectHallSensor), (24 bytes).
    Removing stm32f10x_tim.o(i.TIM_SelectInputTrigger), (18 bytes).
    Removing stm32f10x_tim.o(i.TIM_SelectMasterSlaveMode), (18 bytes).
    Removing stm32f10x_tim.o(i.TIM_SelectOCxM), (82 bytes).
    Removing stm32f10x_tim.o(i.TIM_SelectOnePulseMode), (18 bytes).
    Removing stm32f10x_tim.o(i.TIM_SelectOutputTrigger), (18 bytes).
    Removing stm32f10x_tim.o(i.TIM_SelectSlaveMode), (18 bytes).
    Removing stm32f10x_tim.o(i.TIM_SetAutoreload), (4 bytes).
    Removing stm32f10x_tim.o(i.TIM_SetClockDivision), (18 bytes).
    Removing stm32f10x_tim.o(i.TIM_SetCompare1), (4 bytes).
    Removing stm32f10x_tim.o(i.TIM_SetCompare2), (4 bytes).
    Removing stm32f10x_tim.o(i.TIM_SetCompare3), (4 bytes).
    Removing stm32f10x_tim.o(i.TIM_SetCompare4), (6 bytes).
    Removing stm32f10x_tim.o(i.TIM_SetCounter), (4 bytes).
    Removing stm32f10x_tim.o(i.TIM_SetIC1Prescaler), (18 bytes).
    Removing stm32f10x_tim.o(i.TIM_SetIC2Prescaler), (26 bytes).
    Removing stm32f10x_tim.o(i.TIM_SetIC3Prescaler), (18 bytes).
    Removing stm32f10x_tim.o(i.TIM_SetIC4Prescaler), (26 bytes).
    Removing stm32f10x_tim.o(i.TIM_TIxExternalClockConfig), (62 bytes).
    Removing stm32f10x_tim.o(i.TIM_TimeBaseInit), (164 bytes).
    Removing stm32f10x_tim.o(i.TIM_TimeBaseStructInit), (18 bytes).
    Removing stm32f10x_tim.o(i.TIM_UpdateDisableConfig), (24 bytes).
    Removing stm32f10x_tim.o(i.TIM_UpdateRequestConfig), (24 bytes).
    Removing stm32f10x_usart.o(i.USART_ClearFlag), (18 bytes).
    Removing stm32f10x_usart.o(i.USART_ClearITPendingBit), (30 bytes).
    Removing stm32f10x_usart.o(i.USART_ClockInit), (34 bytes).
    Removing stm32f10x_usart.o(i.USART_ClockStructInit), (12 bytes).
    Removing stm32f10x_usart.o(i.USART_Cmd), (24 bytes).
    Removing stm32f10x_usart.o(i.USART_DMACmd), (18 bytes).
    Removing stm32f10x_usart.o(i.USART_DeInit), (156 bytes).
    Removing stm32f10x_usart.o(i.USART_GetFlagStatus), (26 bytes).
    Removing stm32f10x_usart.o(i.USART_HalfDuplexCmd), (24 bytes).
    Removing stm32f10x_usart.o(i.USART_ITConfig), (74 bytes).
    Removing stm32f10x_usart.o(i.USART_Init), (216 bytes).
    Removing stm32f10x_usart.o(i.USART_IrDACmd), (24 bytes).
    Removing stm32f10x_usart.o(i.USART_IrDAConfig), (18 bytes).
    Removing stm32f10x_usart.o(i.USART_LINBreakDetectLengthConfig), (18 bytes).
    Removing stm32f10x_usart.o(i.USART_LINCmd), (24 bytes).
    Removing stm32f10x_usart.o(i.USART_OneBitMethodCmd), (24 bytes).
    Removing stm32f10x_usart.o(i.USART_OverSampling8Cmd), (22 bytes).
    Removing stm32f10x_usart.o(i.USART_ReceiverWakeUpCmd), (24 bytes).
    Removing stm32f10x_usart.o(i.USART_SendBreak), (10 bytes).
    Removing stm32f10x_usart.o(i.USART_SendData), (8 bytes).
    Removing stm32f10x_usart.o(i.USART_SetAddress), (18 bytes).
    Removing stm32f10x_usart.o(i.USART_SetGuardTime), (16 bytes).
    Removing stm32f10x_usart.o(i.USART_SetPrescaler), (16 bytes).
    Removing stm32f10x_usart.o(i.USART_SmartCardCmd), (24 bytes).
    Removing stm32f10x_usart.o(i.USART_SmartCardNACKCmd), (24 bytes).
    Removing stm32f10x_usart.o(i.USART_StructInit), (24 bytes).
    Removing stm32f10x_usart.o(i.USART_WakeUpConfig), (18 bytes).
    Removing stm32f10x_wwdg.o(i.WWDG_ClearFlag), (12 bytes).
    Removing stm32f10x_wwdg.o(i.WWDG_DeInit), (22 bytes).
    Removing stm32f10x_wwdg.o(i.WWDG_Enable), (16 bytes).
    Removing stm32f10x_wwdg.o(i.WWDG_EnableIT), (12 bytes).
    Removing stm32f10x_wwdg.o(i.WWDG_GetFlagStatus), (12 bytes).
    Removing stm32f10x_wwdg.o(i.WWDG_SetCounter), (16 bytes).
    Removing stm32f10x_wwdg.o(i.WWDG_SetPrescaler), (24 bytes).
    Removing stm32f10x_wwdg.o(i.WWDG_SetWindowValue), (40 bytes).
    Removing stm32f10x_iwdg.o(i.IWDG_GetFlagStatus), (24 bytes).
    Removing motor.o(i.Get_neg), (2 bytes).
    Removing motor.o(i.can2MsgProcess), (352 bytes).
    Removing delay.o(i.delay_ms), (76 bytes).
    Removing delay.o(i.delay_us), (76 bytes).
    Removing sys.o(.emb_text), (6 bytes).
    Removing sys.o(i.INTX_DISABLE), (4 bytes).
    Removing sys.o(i.INTX_ENABLE), (4 bytes).
    Removing sys.o(i.WFI_SET), (4 bytes).
    Removing usart.o(i.fputc), (28 bytes).
    Removing usart.o(i.uart_init), (160 bytes).

313 unused section(s) (total 11476 bytes) removed from the image.

==============================================================================

Image Symbol Table

    Local Symbols

    Symbol Name                              Value     Ov Type        Size  Object(Section)

    ../clib/angel/boardlib.s                 0x00000000   Number         0  boardinit1.o ABSOLUTE
    ../clib/angel/boardlib.s                 0x00000000   Number         0  boardinit3.o ABSOLUTE
    ../clib/angel/boardlib.s                 0x00000000   Number         0  boardshut.o ABSOLUTE
    ../clib/angel/boardlib.s                 0x00000000   Number         0  boardinit2.o ABSOLUTE
    ../clib/angel/handlers.s                 0x00000000   Number         0  __scatter_zi.o ABSOLUTE
    ../clib/angel/handlers.s                 0x00000000   Number         0  __scatter_copy.o ABSOLUTE
    ../clib/angel/kernel.s                   0x00000000   Number         0  __rtentry4.o ABSOLUTE
    ../clib/angel/kernel.s                   0x00000000   Number         0  __rtentry2.o ABSOLUTE
    ../clib/angel/kernel.s                   0x00000000   Number         0  __rtentry.o ABSOLUTE
    ../clib/angel/kernel.s                   0x00000000   Number         0  rtexit.o ABSOLUTE
    ../clib/angel/kernel.s                   0x00000000   Number         0  rtexit2.o ABSOLUTE
    ../clib/angel/rt.s                       0x00000000   Number         0  rt_raise.o ABSOLUTE
    ../clib/angel/scatter.s                  0x00000000   Number         0  __scatter.o ABSOLUTE
    ../clib/angel/startup.s                  0x00000000   Number         0  __main.o ABSOLUTE
    ../clib/angel/sys.s                      0x00000000   Number         0  sys_stackheap_outer.o ABSOLUTE
    ../clib/angel/sys.s                      0x00000000   Number         0  indicate_semi.o ABSOLUTE
    ../clib/angel/sys.s                      0x00000000   Number         0  use_no_semi.o ABSOLUTE
    ../clib/angel/sys.s                      0x00000000   Number         0  libspace.o ABSOLUTE
    ../clib/angel/sys.s                      0x00000000   Number         0  use_no_semi_2.o ABSOLUTE
    ../clib/angel/sysapp.c                   0x00000000   Number         0  sys_wrch.o ABSOLUTE
    ../clib/angel/sysapp.c                   0x00000000   Number         0  sys_command.o ABSOLUTE
    ../clib/armsys.c                         0x00000000   Number         0  argv_veneer.o ABSOLUTE
    ../clib/armsys.c                         0x00000000   Number         0  argv_veneer.o ABSOLUTE
    ../clib/armsys.c                         0x00000000   Number         0  _get_argv_nomalloc.o ABSOLUTE
    ../clib/armsys.c                         0x00000000   Number         0  no_argv.o ABSOLUTE
    ../clib/heapalloc.c                      0x00000000   Number         0  hrguard.o ABSOLUTE
    ../clib/heapaux.c                        0x00000000   Number         0  heapauxi.o ABSOLUTE
    ../clib/libinit.s                        0x00000000   Number         0  libshutdown2.o ABSOLUTE
    ../clib/libinit.s                        0x00000000   Number         0  libshutdown.o ABSOLUTE
    ../clib/libinit.s                        0x00000000   Number         0  libinit.o ABSOLUTE
    ../clib/libinit.s                        0x00000000   Number         0  libinit2.o ABSOLUTE
    ../clib/signal.c                         0x00000000   Number         0  defsig_pvfn_inner.o ABSOLUTE
    ../clib/signal.c                         0x00000000   Number         0  defsig_exit.o ABSOLUTE
    ../clib/signal.c                         0x00000000   Number         0  defsig_rtred_inner.o ABSOLUTE
    ../clib/signal.c                         0x00000000   Number         0  defsig_fpe_inner.o ABSOLUTE
    ../clib/signal.c                         0x00000000   Number         0  defsig_abrt_inner.o ABSOLUTE
    ../clib/signal.c                         0x00000000   Number         0  defsig_general.o ABSOLUTE
    ../clib/signal.c                         0x00000000   Number         0  __raise.o ABSOLUTE
    ../clib/signal.c                         0x00000000   Number         0  defsig_rtmem_inner.o ABSOLUTE
    ../clib/signal.c                         0x00000000   Number         0  defsig_rtmem_formal.o ABSOLUTE
    ../clib/signal.c                         0x00000000   Number         0  defsig_rtmem_outer.o ABSOLUTE
    ../clib/signal.c                         0x00000000   Number         0  defsig_stak_inner.o ABSOLUTE
    ../clib/signal.c                         0x00000000   Number         0  defsig_other.o ABSOLUTE
    ../clib/signal.c                         0x00000000   Number         0  defsig_segv_inner.o ABSOLUTE
    ../clib/signal.c                         0x00000000   Number         0  defsig_cppl_inner.o ABSOLUTE
    ../clib/signal.s                         0x00000000   Number         0  defsig.o ABSOLUTE
    ../clib/stdlib.c                         0x00000000   Number         0  exit.o ABSOLUTE
    ../fplib/daddsub.s                       0x00000000   Number         0  daddsub_clz.o ABSOLUTE
    ../fplib/ddiv.s                          0x00000000   Number         0  ddiv.o ABSOLUTE
    ../fplib/dfix.s                          0x00000000   Number         0  dfix.o ABSOLUTE
    ../fplib/dfixu.s                         0x00000000   Number         0  dfixu.o ABSOLUTE
    ../fplib/dflt.s                          0x00000000   Number         0  dflt_clz.o ABSOLUTE
    ../fplib/dmul.s                          0x00000000   Number         0  dmul.o ABSOLUTE
    ../fplib/dnaninf.s                       0x00000000   Number         0  dnaninf.o ABSOLUTE
    ../fplib/dretinf.s                       0x00000000   Number         0  dretinf.o ABSOLUTE
    ../fplib/faddsub.s                       0x00000000   Number         0  faddsub_clz.o ABSOLUTE
    ../fplib/ffix.s                          0x00000000   Number         0  ffix.o ABSOLUTE
    ../fplib/fflt.s                          0x00000000   Number         0  fflt_clz.o ABSOLUTE
    ../fplib/fmul.s                          0x00000000   Number         0  fmul.o ABSOLUTE
    ../fplib/fnaninf.s                       0x00000000   Number         0  fnaninf.o ABSOLUTE
    ../fplib/fpinit.s                        0x00000000   Number         0  fpinit.o ABSOLUTE
    ../fplib/fretinf.s                       0x00000000   Number         0  fretinf.o ABSOLUTE
    ../fplib/usenofp.s                       0x00000000   Number         0  usenofp.o ABSOLUTE
    ..\CORE\core_cm3.c                       0x00000000   Number         0  core_cm3.o ABSOLUTE
    ..\CORE\startup_stm32f10x_cl.s           0x00000000   Number         0  startup_stm32f10x_cl.o ABSOLUTE
    ..\HARDWAVE\CAN\can.c                    0x00000000   Number         0  can.o ABSOLUTE
    ..\HARDWAVE\JOINTCODER\jointcoder.c      0x00000000   Number         0  jointcoder.o ABSOLUTE
    ..\HARDWAVE\LED\led.c                    0x00000000   Number         0  led.o ABSOLUTE
    ..\HARDWAVE\MOTOR\motor.c                0x00000000   Number         0  motor.o ABSOLUTE
    ..\STM32F10x_FWLib\src\misc.c            0x00000000   Number         0  misc.o ABSOLUTE
    ..\STM32F10x_FWLib\src\stm32f10x_adc.c   0x00000000   Number         0  stm32f10x_adc.o ABSOLUTE
    ..\STM32F10x_FWLib\src\stm32f10x_bkp.c   0x00000000   Number         0  stm32f10x_bkp.o ABSOLUTE
    ..\STM32F10x_FWLib\src\stm32f10x_can.c   0x00000000   Number         0  stm32f10x_can.o ABSOLUTE
    ..\STM32F10x_FWLib\src\stm32f10x_crc.c   0x00000000   Number         0  stm32f10x_crc.o ABSOLUTE
    ..\STM32F10x_FWLib\src\stm32f10x_dbgmcu.c 0x00000000   Number         0  stm32f10x_dbgmcu.o ABSOLUTE
    ..\STM32F10x_FWLib\src\stm32f10x_exti.c  0x00000000   Number         0  stm32f10x_exti.o ABSOLUTE
    ..\STM32F10x_FWLib\src\stm32f10x_gpio.c  0x00000000   Number         0  stm32f10x_gpio.o ABSOLUTE
    ..\STM32F10x_FWLib\src\stm32f10x_iwdg.c  0x00000000   Number         0  stm32f10x_iwdg.o ABSOLUTE
    ..\STM32F10x_FWLib\src\stm32f10x_rcc.c   0x00000000   Number         0  stm32f10x_rcc.o ABSOLUTE
    ..\STM32F10x_FWLib\src\stm32f10x_rtc.c   0x00000000   Number         0  stm32f10x_rtc.o ABSOLUTE
    ..\STM32F10x_FWLib\src\stm32f10x_sdio.c  0x00000000   Number         0  stm32f10x_sdio.o ABSOLUTE
    ..\STM32F10x_FWLib\src\stm32f10x_tim.c   0x00000000   Number         0  stm32f10x_tim.o ABSOLUTE
    ..\STM32F10x_FWLib\src\stm32f10x_usart.c 0x00000000   Number         0  stm32f10x_usart.o ABSOLUTE
    ..\STM32F10x_FWLib\src\stm32f10x_wwdg.c  0x00000000   Number         0  stm32f10x_wwdg.o ABSOLUTE
    ..\SYSTEM\delay\delay.c                  0x00000000   Number         0  delay.o ABSOLUTE
    ..\SYSTEM\sys\sys.c                      0x00000000   Number         0  sys.o ABSOLUTE
    ..\SYSTEM\usart\usart.c                  0x00000000   Number         0  usart.o ABSOLUTE
    ..\\CORE\\core_cm3.c                     0x00000000   Number         0  core_cm3.o ABSOLUTE
    ..\\SYSTEM\\sys\\sys.c                   0x00000000   Number         0  sys.o ABSOLUTE
    control.c                                0x00000000   Number         0  control.o ABSOLUTE
    dc.s                                     0x00000000   Number         0  dc.o ABSOLUTE
    iwdg.c                                   0x00000000   Number         0  iwdg.o ABSOLUTE
    main.c                                   0x00000000   Number         0  main.o ABSOLUTE
    stm32f10x_it.c                           0x00000000   Number         0  stm32f10x_it.o ABSOLUTE
    system_stm32f10x.c                       0x00000000   Number         0  system_stm32f10x.o ABSOLUTE
    RESET                                    0x08000000   Section      336  startup_stm32f10x_cl.o(RESET)
    !!!main                                  0x08000150   Section        8  __main.o(!!!main)
    !!!scatter                               0x08000158   Section       52  __scatter.o(!!!scatter)
    !!handler_copy                           0x0800018c   Section       26  __scatter_copy.o(!!handler_copy)
    !!handler_zi                             0x080001a8   Section       28  __scatter_zi.o(!!handler_zi)
    .ARM.Collect$$libinit$$00000000          0x080001c4   Section        2  libinit.o(.ARM.Collect$$libinit$$00000000)
    .ARM.Collect$$libinit$$00000002          0x080001c6   Section        0  libinit2.o(.ARM.Collect$$libinit$$00000002)
    .ARM.Collect$$libinit$$00000004          0x080001c6   Section        0  libinit2.o(.ARM.Collect$$libinit$$00000004)
    .ARM.Collect$$libinit$$0000000A          0x080001c6   Section        0  libinit2.o(.ARM.Collect$$libinit$$0000000A)
    .ARM.Collect$$libinit$$0000000C          0x080001c6   Section        0  libinit2.o(.ARM.Collect$$libinit$$0000000C)
    .ARM.Collect$$libinit$$0000000E          0x080001c6   Section        0  libinit2.o(.ARM.Collect$$libinit$$0000000E)
    .ARM.Collect$$libinit$$00000011          0x080001c6   Section        0  libinit2.o(.ARM.Collect$$libinit$$00000011)
    .ARM.Collect$$libinit$$00000013          0x080001c6   Section        0  libinit2.o(.ARM.Collect$$libinit$$00000013)
    .ARM.Collect$$libinit$$00000015          0x080001c6   Section        0  libinit2.o(.ARM.Collect$$libinit$$00000015)
    .ARM.Collect$$libinit$$00000017          0x080001c6   Section        0  libinit2.o(.ARM.Collect$$libinit$$00000017)
    .ARM.Collect$$libinit$$00000019          0x080001c6   Section        0  libinit2.o(.ARM.Collect$$libinit$$00000019)
    .ARM.Collect$$libinit$$0000001B          0x080001c6   Section        0  libinit2.o(.ARM.Collect$$libinit$$0000001B)
    .ARM.Collect$$libinit$$0000001D          0x080001c6   Section        0  libinit2.o(.ARM.Collect$$libinit$$0000001D)
    .ARM.Collect$$libinit$$0000001F          0x080001c6   Section        0  libinit2.o(.ARM.Collect$$libinit$$0000001F)
    .ARM.Collect$$libinit$$00000021          0x080001c6   Section        0  libinit2.o(.ARM.Collect$$libinit$$00000021)
    .ARM.Collect$$libinit$$00000023          0x080001c6   Section        0  libinit2.o(.ARM.Collect$$libinit$$00000023)
    .ARM.Collect$$libinit$$00000025          0x080001c6   Section        0  libinit2.o(.ARM.Collect$$libinit$$00000025)
    .ARM.Collect$$libinit$$0000002C          0x080001c6   Section        0  libinit2.o(.ARM.Collect$$libinit$$0000002C)
    .ARM.Collect$$libinit$$0000002E          0x080001c6   Section        0  libinit2.o(.ARM.Collect$$libinit$$0000002E)
    .ARM.Collect$$libinit$$00000030          0x080001c6   Section        0  libinit2.o(.ARM.Collect$$libinit$$00000030)
    .ARM.Collect$$libinit$$00000032          0x080001c6   Section        0  libinit2.o(.ARM.Collect$$libinit$$00000032)
    .ARM.Collect$$libinit$$00000033          0x080001c6   Section        2  libinit2.o(.ARM.Collect$$libinit$$00000033)
    .ARM.Collect$$libshutdown$$00000000      0x080001c8   Section        2  libshutdown.o(.ARM.Collect$$libshutdown$$00000000)
    .ARM.Collect$$libshutdown$$00000003      0x080001ca   Section        0  libshutdown2.o(.ARM.Collect$$libshutdown$$00000003)
    .ARM.Collect$$libshutdown$$00000006      0x080001ca   Section        0  libshutdown2.o(.ARM.Collect$$libshutdown$$00000006)
    .ARM.Collect$$libshutdown$$00000009      0x080001ca   Section        0  libshutdown2.o(.ARM.Collect$$libshutdown$$00000009)
    .ARM.Collect$$libshutdown$$0000000B      0x080001ca   Section        0  libshutdown2.o(.ARM.Collect$$libshutdown$$0000000B)
    .ARM.Collect$$libshutdown$$0000000E      0x080001ca   Section        0  libshutdown2.o(.ARM.Collect$$libshutdown$$0000000E)
    .ARM.Collect$$libshutdown$$0000000F      0x080001ca   Section        2  libshutdown2.o(.ARM.Collect$$libshutdown$$0000000F)
    .ARM.Collect$$rtentry$$00000000          0x080001cc   Section        0  __rtentry.o(.ARM.Collect$$rtentry$$00000000)
    .ARM.Collect$$rtentry$$00000002          0x080001cc   Section        0  __rtentry2.o(.ARM.Collect$$rtentry$$00000002)
    .ARM.Collect$$rtentry$$00000004          0x080001cc   Section        6  __rtentry4.o(.ARM.Collect$$rtentry$$00000004)
    .ARM.Collect$$rtentry$$00000009          0x080001d2   Section        0  __rtentry2.o(.ARM.Collect$$rtentry$$00000009)
    .ARM.Collect$$rtentry$$0000000A          0x080001d2   Section        4  __rtentry2.o(.ARM.Collect$$rtentry$$0000000A)
    .ARM.Collect$$rtentry$$0000000C          0x080001d6   Section        0  __rtentry2.o(.ARM.Collect$$rtentry$$0000000C)
    .ARM.Collect$$rtentry$$0000000D          0x080001d6   Section        8  __rtentry2.o(.ARM.Collect$$rtentry$$0000000D)
    .ARM.Collect$$rtexit$$00000000           0x080001de   Section        2  rtexit.o(.ARM.Collect$$rtexit$$00000000)
    .ARM.Collect$$rtexit$$00000002           0x080001e0   Section        0  rtexit2.o(.ARM.Collect$$rtexit$$00000002)
    .ARM.Collect$$rtexit$$00000003           0x080001e0   Section        4  rtexit2.o(.ARM.Collect$$rtexit$$00000003)
    .ARM.Collect$$rtexit$$00000004           0x080001e4   Section        6  rtexit2.o(.ARM.Collect$$rtexit$$00000004)
    .text                                    0x080001ec   Section       64  startup_stm32f10x_cl.o(.text)
    .text                                    0x0800022c   Section        2  use_no_semi_2.o(.text)
    .text                                    0x0800022e   Section        0  heapauxi.o(.text)
    .text                                    0x08000234   Section        2  use_no_semi.o(.text)
    .text                                    0x08000236   Section       74  sys_stackheap_outer.o(.text)
    .text                                    0x08000280   Section        0  exit.o(.text)
    .text                                    0x0800028c   Section        8  libspace.o(.text)
    i.ADC_Cmd                                0x08000294   Section        0  stm32f10x_adc.o(i.ADC_Cmd)
    i.ADC_DeInit                             0x080002ac   Section        0  stm32f10x_adc.o(i.ADC_DeInit)
    i.ADC_GetCalibrationStatus               0x08000308   Section        0  stm32f10x_adc.o(i.ADC_GetCalibrationStatus)
    i.ADC_GetConversionValue                 0x0800031c   Section        0  stm32f10x_adc.o(i.ADC_GetConversionValue)
    i.ADC_GetFlagStatus                      0x08000324   Section        0  stm32f10x_adc.o(i.ADC_GetFlagStatus)
    i.ADC_GetResetCalibrationStatus          0x08000336   Section        0  stm32f10x_adc.o(i.ADC_GetResetCalibrationStatus)
    i.ADC_Init                               0x0800034c   Section        0  stm32f10x_adc.o(i.ADC_Init)
    i.ADC_RegularChannelConfig               0x0800039c   Section        0  stm32f10x_adc.o(i.ADC_RegularChannelConfig)
    i.ADC_ResetCalibration                   0x08000454   Section        0  stm32f10x_adc.o(i.ADC_ResetCalibration)
    i.ADC_SoftwareStartConvCmd               0x0800045e   Section        0  stm32f10x_adc.o(i.ADC_SoftwareStartConvCmd)
    i.ADC_StartCalibration                   0x08000474   Section        0  stm32f10x_adc.o(i.ADC_StartCalibration)
    i.BusFault_Handler                       0x0800047e   Section        0  stm32f10x_it.o(i.BusFault_Handler)
    i.CAN1_RX0_IRQHandler                    0x08000484   Section        0  can.o(i.CAN1_RX0_IRQHandler)
    i.CAN2_RX0_IRQHandler                    0x080004cc   Section        0  can.o(i.CAN2_RX0_IRQHandler)
    i.CAN_FilterInit                         0x080004fc   Section        0  stm32f10x_can.o(i.CAN_FilterInit)
    i.CAN_ITConfig                           0x08000604   Section        0  stm32f10x_can.o(i.CAN_ITConfig)
    i.CAN_Init                               0x08000616   Section        0  stm32f10x_can.o(i.CAN_Init)
    i.CAN_Receive                            0x0800072a   Section        0  stm32f10x_can.o(i.CAN_Receive)
    i.CAN_Transmit                           0x0800081a   Section        0  stm32f10x_can.o(i.CAN_Transmit)
    i.CAN_TransmitStatus                     0x08000940   Section        0  stm32f10x_can.o(i.CAN_TransmitStatus)
    i.ControlProcess                         0x080009e0   Section        0  control.o(i.ControlProcess)
    i.DebugMon_Handler                       0x08000bbc   Section        0  stm32f10x_it.o(i.DebugMon_Handler)
    i.GPIO_Init                              0x08000bbe   Section        0  stm32f10x_gpio.o(i.GPIO_Init)
    i.GPIO_SetBits                           0x08000cd4   Section        0  stm32f10x_gpio.o(i.GPIO_SetBits)
    i.Get_Adc                                0x08000cd8   Section        0  jointcoder.o(i.Get_Adc)
    i.HardFault_Handler                      0x08000d0c   Section        0  stm32f10x_it.o(i.HardFault_Handler)
    i.IWDG_Enable                            0x08000d10   Section        0  stm32f10x_iwdg.o(i.IWDG_Enable)
    i.IWDG_ReloadCounter                     0x08000d20   Section        0  stm32f10x_iwdg.o(i.IWDG_ReloadCounter)
    i.IWDG_SetPrescaler                      0x08000d30   Section        0  stm32f10x_iwdg.o(i.IWDG_SetPrescaler)
    i.IWDG_SetReload                         0x08000d3c   Section        0  stm32f10x_iwdg.o(i.IWDG_SetReload)
    i.IWDG_WriteAccessCmd                    0x08000d48   Section        0  stm32f10x_iwdg.o(i.IWDG_WriteAccessCmd)
    i.LED_Init                               0x08000d54   Section        0  led.o(i.LED_Init)
    i.MemManage_Handler                      0x08000d88   Section        0  stm32f10x_it.o(i.MemManage_Handler)
    i.NMI_Handler                            0x08000d8c   Section        0  stm32f10x_it.o(i.NMI_Handler)
    i.NVIC_Init                              0x08000d90   Section        0  misc.o(i.NVIC_Init)
    i.PID_control                            0x08000e00   Section        0  control.o(i.PID_control)
    i.PID_init                               0x08000ea4   Section        0  control.o(i.PID_init)
    i.PendSV_Handler                         0x08000ec4   Section        0  stm32f10x_it.o(i.PendSV_Handler)
    i.RCC_ADCCLKConfig                       0x08000ec8   Section        0  stm32f10x_rcc.o(i.RCC_ADCCLKConfig)
    i.RCC_APB1PeriphClockCmd                 0x08000ee0   Section        0  stm32f10x_rcc.o(i.RCC_APB1PeriphClockCmd)
    i.RCC_APB2PeriphClockCmd                 0x08000f00   Section        0  stm32f10x_rcc.o(i.RCC_APB2PeriphClockCmd)
    i.RCC_APB2PeriphResetCmd                 0x08000f20   Section        0  stm32f10x_rcc.o(i.RCC_APB2PeriphResetCmd)
    i.SVC_Handler                            0x08000f40   Section        0  stm32f10x_it.o(i.SVC_Handler)
    i.SetSysClock                            0x08000f42   Section        0  system_stm32f10x.o(i.SetSysClock)
    SetSysClock                              0x08000f43   Thumb Code     8  system_stm32f10x.o(i.SetSysClock)
    i.SetSysClockTo72                        0x08000f4c   Section        0  system_stm32f10x.o(i.SetSysClockTo72)
    SetSysClockTo72                          0x08000f4d   Thumb Code   264  system_stm32f10x.o(i.SetSysClockTo72)
    i.SysTick_CLKSourceConfig                0x08001064   Section        0  misc.o(i.SysTick_CLKSourceConfig)
    i.SysTick_Handler                        0x0800108c   Section        0  stm32f10x_it.o(i.SysTick_Handler)
    i.SystemInit                             0x080010d4   Section        0  system_stm32f10x.o(i.SystemInit)
    i.USART1_IRQHandler                      0x08001140   Section        0  usart.o(i.USART1_IRQHandler)
    i.USART_GetITStatus                      0x080011c8   Section        0  stm32f10x_usart.o(i.USART_GetITStatus)
    i.USART_ReceiveData                      0x0800121c   Section        0  stm32f10x_usart.o(i.USART_ReceiveData)
    i.UsageFault_Handler                     0x08001226   Section        0  stm32f10x_it.o(i.UsageFault_Handler)
    i._sys_exit                              0x0800122a   Section        0  usart.o(i._sys_exit)
    i.can1ModeInit                           0x08001230   Section        0  can.o(i.can1ModeInit)
    i.can1MsgProcess                         0x08001330   Section        0  motor.o(i.can1MsgProcess)
    i.can1SendMsg                            0x080013b0   Section        0  can.o(i.can1SendMsg)
    i.can2ModeInit                           0x08001420   Section        0  can.o(i.can2ModeInit)
    i.can2SendMsg                            0x08001520   Section        0  can.o(i.can2SendMsg)
    i.delayInit                              0x080015a4   Section        0  delay.o(i.delayInit)
    i.getJointCoder                          0x080015e8   Section        0  jointcoder.o(i.getJointCoder)
    i.iwdgInit                               0x0800160c   Section        0  iwdg.o(i.iwdgInit)
    i.jointCoderInit                         0x08001630   Section        0  jointcoder.o(i.jointCoderInit)
    i.jointMsgProcess                        0x080016bc   Section        0  motor.o(i.jointMsgProcess)
    i.main                                   0x08001720   Section        0  main.o(i.main)
    x$fpl$ddiv                               0x08001938   Section      688  ddiv.o(x$fpl$ddiv)
    ddiv_entry                               0x0800193f   Thumb Code     0  ddiv.o(x$fpl$ddiv)
    x$fpl$dfix                               0x08001be8   Section       94  dfix.o(x$fpl$dfix)
    x$fpl$dflt                               0x08001c46   Section       46  dflt_clz.o(x$fpl$dflt)
    x$fpl$dnaninf                            0x08001c74   Section      156  dnaninf.o(x$fpl$dnaninf)
    x$fpl$dretinf                            0x08001d10   Section       12  dretinf.o(x$fpl$dretinf)
    x$fpl$fadd                               0x08001d1c   Section      196  faddsub_clz.o(x$fpl$fadd)
    _fadd1                                   0x08001d2b   Thumb Code     0  faddsub_clz.o(x$fpl$fadd)
    x$fpl$ffix                               0x08001de0   Section       54  ffix.o(x$fpl$ffix)
    x$fpl$fflt                               0x08001e18   Section       48  fflt_clz.o(x$fpl$fflt)
    x$fpl$fmul                               0x08001e48   Section      258  fmul.o(x$fpl$fmul)
    x$fpl$fnaninf                            0x08001f4a   Section      140  fnaninf.o(x$fpl$fnaninf)
    x$fpl$fretinf                            0x08001fd6   Section       10  fretinf.o(x$fpl$fretinf)
    x$fpl$fsub                               0x08001fe0   Section      234  faddsub_clz.o(x$fpl$fsub)
    _fsub1                                   0x08001fef   Thumb Code     0  faddsub_clz.o(x$fpl$fsub)
    x$fpl$usenofp                            0x080020ca   Section        0  usenofp.o(x$fpl$usenofp)
    .data                                    0x20000000   Section       22  main.o(.data)
    .data                                    0x20000018   Section       20  system_stm32f10x.o(.data)
    .data                                    0x2000002c   Section       12  control.o(.data)
    .data                                    0x20000038   Section       44  can.o(.data)
    .data                                    0x20000064   Section       16  motor.o(.data)
    .data                                    0x20000074   Section        4  delay.o(.data)
    fac_us                                   0x20000074   Data           1  delay.o(.data)
    fac_ms                                   0x20000076   Data           2  delay.o(.data)
    .data                                    0x20000078   Section        6  usart.o(.data)
    .bss                                     0x20000080   Section      156  control.o(.bss)
    .bss                                     0x2000011c   Section      200  usart.o(.bss)
    .bss                                     0x200001e4   Section       96  libspace.o(.bss)
    HEAP                                     0x20000248   Section      512  startup_stm32f10x_cl.o(HEAP)
    Heap_Mem                                 0x20000248   Data         512  startup_stm32f10x_cl.o(HEAP)
    STACK                                    0x20000448   Section     1024  startup_stm32f10x_cl.o(STACK)
    Stack_Mem                                0x20000448   Data        1024  startup_stm32f10x_cl.o(STACK)
    __initial_sp                             0x20000848   Data           0  startup_stm32f10x_cl.o(STACK)

    Global Symbols

    Symbol Name                              Value     Ov Type        Size  Object(Section)

    BuildAttributes$$THM_ISAv4$P$D$K$B$S$PE$A:L22UL41UL21$X:L11$S22US41US21$IEEE1$IW$USESV6$~STKCKD$USESV7$~SHL$OSPACE$ROPI$EBA8$UX$STANDARDLIB$REQ8$PRES8$EABIv2 0x00000000   Number         0  anon$$obj.o ABSOLUTE
    __ARM_use_no_argv                        0x00000000   Number         0  main.o ABSOLUTE
    __ARM_exceptions_init                     - Undefined Weak Reference
    __alloca_initialize                       - Undefined Weak Reference
    __arm_preinit_                            - Undefined Weak Reference
    __cpp_initialize__aeabi_                  - Undefined Weak Reference
    __cxa_finalize                            - Undefined Weak Reference
    __rt_locale                               - Undefined Weak Reference
    __sigvec_lookup                           - Undefined Weak Reference
    _atexit_init                              - Undefined Weak Reference
    _call_atexit_fns                          - Undefined Weak Reference
    _clock_init                               - Undefined Weak Reference
    _fp_trap_init                             - Undefined Weak Reference
    _fp_trap_shutdown                         - Undefined Weak Reference
    _get_lc_collate                           - Undefined Weak Reference
    _get_lc_ctype                             - Undefined Weak Reference
    _get_lc_monetary                          - Undefined Weak Reference
    _get_lc_numeric                           - Undefined Weak Reference
    _get_lc_time                              - Undefined Weak Reference
    _getenv_init                              - Undefined Weak Reference
    _handle_redirection                       - Undefined Weak Reference
    _init_alloc                               - Undefined Weak Reference
    _init_user_alloc                          - Undefined Weak Reference
    _initio                                   - Undefined Weak Reference
    _rand_init                                - Undefined Weak Reference
    _signal_finish                            - Undefined Weak Reference
    _signal_init                              - Undefined Weak Reference
    _terminate_alloc                          - Undefined Weak Reference
    _terminate_user_alloc                     - Undefined Weak Reference
    _terminateio                              - Undefined Weak Reference
    __Vectors_Size                           0x00000150   Number         0  startup_stm32f10x_cl.o ABSOLUTE
    __Vectors                                0x08000000   Data           4  startup_stm32f10x_cl.o(RESET)
    __Vectors_End                            0x08000150   Data           0  startup_stm32f10x_cl.o(RESET)
    __main                                   0x08000151   Thumb Code     8  __main.o(!!!main)
    __scatterload                            0x08000159   Thumb Code     0  __scatter.o(!!!scatter)
    __scatterload_rt2                        0x08000159   Thumb Code    44  __scatter.o(!!!scatter)
    __scatterload_rt2_thumb_only             0x08000159   Thumb Code     0  __scatter.o(!!!scatter)
    __scatterload_null                       0x08000167   Thumb Code     0  __scatter.o(!!!scatter)
    __scatterload_copy                       0x0800018d   Thumb Code    26  __scatter_copy.o(!!handler_copy)
    __scatterload_zeroinit                   0x080001a9   Thumb Code    28  __scatter_zi.o(!!handler_zi)
    __rt_lib_init                            0x080001c5   Thumb Code     0  libinit.o(.ARM.Collect$$libinit$$00000000)
    __rt_lib_init_alloca_1                   0x080001c7   Thumb Code     0  libinit2.o(.ARM.Collect$$libinit$$0000002E)
    __rt_lib_init_argv_1                     0x080001c7   Thumb Code     0  libinit2.o(.ARM.Collect$$libinit$$0000002C)
    __rt_lib_init_atexit_1                   0x080001c7   Thumb Code     0  libinit2.o(.ARM.Collect$$libinit$$0000001B)
    __rt_lib_init_clock_1                    0x080001c7   Thumb Code     0  libinit2.o(.ARM.Collect$$libinit$$00000021)
    __rt_lib_init_cpp_1                      0x080001c7   Thumb Code     0  libinit2.o(.ARM.Collect$$libinit$$00000032)
    __rt_lib_init_exceptions_1               0x080001c7   Thumb Code     0  libinit2.o(.ARM.Collect$$libinit$$00000030)
    __rt_lib_init_fp_1                       0x080001c7   Thumb Code     0  libinit2.o(.ARM.Collect$$libinit$$00000002)
    __rt_lib_init_fp_trap_1                  0x080001c7   Thumb Code     0  libinit2.o(.ARM.Collect$$libinit$$0000001F)
    __rt_lib_init_getenv_1                   0x080001c7   Thumb Code     0  libinit2.o(.ARM.Collect$$libinit$$00000023)
    __rt_lib_init_heap_1                     0x080001c7   Thumb Code     0  libinit2.o(.ARM.Collect$$libinit$$0000000A)
    __rt_lib_init_lc_collate_1               0x080001c7   Thumb Code     0  libinit2.o(.ARM.Collect$$libinit$$00000011)
    __rt_lib_init_lc_ctype_1                 0x080001c7   Thumb Code     0  libinit2.o(.ARM.Collect$$libinit$$00000013)
    __rt_lib_init_lc_monetary_1              0x080001c7   Thumb Code     0  libinit2.o(.ARM.Collect$$libinit$$00000015)
    __rt_lib_init_lc_numeric_1               0x080001c7   Thumb Code     0  libinit2.o(.ARM.Collect$$libinit$$00000017)
    __rt_lib_init_lc_time_1                  0x080001c7   Thumb Code     0  libinit2.o(.ARM.Collect$$libinit$$00000019)
    __rt_lib_init_preinit_1                  0x080001c7   Thumb Code     0  libinit2.o(.ARM.Collect$$libinit$$00000004)
    __rt_lib_init_rand_1                     0x080001c7   Thumb Code     0  libinit2.o(.ARM.Collect$$libinit$$0000000E)
    __rt_lib_init_return                     0x080001c7   Thumb Code     0  libinit2.o(.ARM.Collect$$libinit$$00000033)
    __rt_lib_init_signal_1                   0x080001c7   Thumb Code     0  libinit2.o(.ARM.Collect$$libinit$$0000001D)
    __rt_lib_init_stdio_1                    0x080001c7   Thumb Code     0  libinit2.o(.ARM.Collect$$libinit$$00000025)
    __rt_lib_init_user_alloc_1               0x080001c7   Thumb Code     0  libinit2.o(.ARM.Collect$$libinit$$0000000C)
    __rt_lib_shutdown                        0x080001c9   Thumb Code     0  libshutdown.o(.ARM.Collect$$libshutdown$$00000000)
    __rt_lib_shutdown_fp_trap_1              0x080001cb   Thumb Code     0  libshutdown2.o(.ARM.Collect$$libshutdown$$00000006)
    __rt_lib_shutdown_heap_1                 0x080001cb   Thumb Code     0  libshutdown2.o(.ARM.Collect$$libshutdown$$0000000E)
    __rt_lib_shutdown_return                 0x080001cb   Thumb Code     0  libshutdown2.o(.ARM.Collect$$libshutdown$$0000000F)
    __rt_lib_shutdown_signal_1               0x080001cb   Thumb Code     0  libshutdown2.o(.ARM.Collect$$libshutdown$$00000009)
    __rt_lib_shutdown_stdio_1                0x080001cb   Thumb Code     0  libshutdown2.o(.ARM.Collect$$libshutdown$$00000003)
    __rt_lib_shutdown_user_alloc_1           0x080001cb   Thumb Code     0  libshutdown2.o(.ARM.Collect$$libshutdown$$0000000B)
    __rt_entry                               0x080001cd   Thumb Code     0  __rtentry.o(.ARM.Collect$$rtentry$$00000000)
    __rt_entry_presh_1                       0x080001cd   Thumb Code     0  __rtentry2.o(.ARM.Collect$$rtentry$$00000002)
    __rt_entry_sh                            0x080001cd   Thumb Code     0  __rtentry4.o(.ARM.Collect$$rtentry$$00000004)
    __rt_entry_li                            0x080001d3   Thumb Code     0  __rtentry2.o(.ARM.Collect$$rtentry$$0000000A)
    __rt_entry_postsh_1                      0x080001d3   Thumb Code     0  __rtentry2.o(.ARM.Collect$$rtentry$$00000009)
    __rt_entry_main                          0x080001d7   Thumb Code     0  __rtentry2.o(.ARM.Collect$$rtentry$$0000000D)
    __rt_entry_postli_1                      0x080001d7   Thumb Code     0  __rtentry2.o(.ARM.Collect$$rtentry$$0000000C)
    __rt_exit                                0x080001df   Thumb Code     0  rtexit.o(.ARM.Collect$$rtexit$$00000000)
    __rt_exit_ls                             0x080001e1   Thumb Code     0  rtexit2.o(.ARM.Collect$$rtexit$$00000003)
    __rt_exit_prels_1                        0x080001e1   Thumb Code     0  rtexit2.o(.ARM.Collect$$rtexit$$00000002)
    __rt_exit_exit                           0x080001e5   Thumb Code     0  rtexit2.o(.ARM.Collect$$rtexit$$00000004)
    Reset_Handler                            0x080001ed   Thumb Code     8  startup_stm32f10x_cl.o(.text)
    ADC1_2_IRQHandler                        0x08000207   Thumb Code     0  startup_stm32f10x_cl.o(.text)
    CAN1_RX1_IRQHandler                      0x08000207   Thumb Code     0  startup_stm32f10x_cl.o(.text)
    CAN1_SCE_IRQHandler                      0x08000207   Thumb Code     0  startup_stm32f10x_cl.o(.text)
    CAN1_TX_IRQHandler                       0x08000207   Thumb Code     0  startup_stm32f10x_cl.o(.text)
    CAN2_RX1_IRQHandler                      0x08000207   Thumb Code     0  startup_stm32f10x_cl.o(.text)
    CAN2_SCE_IRQHandler                      0x08000207   Thumb Code     0  startup_stm32f10x_cl.o(.text)
    CAN2_TX_IRQHandler                       0x08000207   Thumb Code     0  startup_stm32f10x_cl.o(.text)
    DMA1_Channel1_IRQHandler                 0x08000207   Thumb Code     0  startup_stm32f10x_cl.o(.text)
    DMA1_Channel2_IRQHandler                 0x08000207   Thumb Code     0  startup_stm32f10x_cl.o(.text)
    DMA1_Channel3_IRQHandler                 0x08000207   Thumb Code     0  startup_stm32f10x_cl.o(.text)
    DMA1_Channel4_IRQHandler                 0x08000207   Thumb Code     0  startup_stm32f10x_cl.o(.text)
    DMA1_Channel5_IRQHandler                 0x08000207   Thumb Code     0  startup_stm32f10x_cl.o(.text)
    DMA1_Channel6_IRQHandler                 0x08000207   Thumb Code     0  startup_stm32f10x_cl.o(.text)
    DMA1_Channel7_IRQHandler                 0x08000207   Thumb Code     0  startup_stm32f10x_cl.o(.text)
    DMA2_Channel1_IRQHandler                 0x08000207   Thumb Code     0  startup_stm32f10x_cl.o(.text)
    DMA2_Channel2_IRQHandler                 0x08000207   Thumb Code     0  startup_stm32f10x_cl.o(.text)
    DMA2_Channel3_IRQHandler                 0x08000207   Thumb Code     0  startup_stm32f10x_cl.o(.text)
    DMA2_Channel4_IRQHandler                 0x08000207   Thumb Code     0  startup_stm32f10x_cl.o(.text)
    DMA2_Channel5_IRQHandler                 0x08000207   Thumb Code     0  startup_stm32f10x_cl.o(.text)
    ETH_IRQHandler                           0x08000207   Thumb Code     0  startup_stm32f10x_cl.o(.text)
    ETH_WKUP_IRQHandler                      0x08000207   Thumb Code     0  startup_stm32f10x_cl.o(.text)
    EXTI0_IRQHandler                         0x08000207   Thumb Code     0  startup_stm32f10x_cl.o(.text)
    EXTI15_10_IRQHandler                     0x08000207   Thumb Code     0  startup_stm32f10x_cl.o(.text)
    EXTI1_IRQHandler                         0x08000207   Thumb Code     0  startup_stm32f10x_cl.o(.text)
    EXTI2_IRQHandler                         0x08000207   Thumb Code     0  startup_stm32f10x_cl.o(.text)
    EXTI3_IRQHandler                         0x08000207   Thumb Code     0  startup_stm32f10x_cl.o(.text)
    EXTI4_IRQHandler                         0x08000207   Thumb Code     0  startup_stm32f10x_cl.o(.text)
    EXTI9_5_IRQHandler                       0x08000207   Thumb Code     0  startup_stm32f10x_cl.o(.text)
    FLASH_IRQHandler                         0x08000207   Thumb Code     0  startup_stm32f10x_cl.o(.text)
    I2C1_ER_IRQHandler                       0x08000207   Thumb Code     0  startup_stm32f10x_cl.o(.text)
    I2C1_EV_IRQHandler                       0x08000207   Thumb Code     0  startup_stm32f10x_cl.o(.text)
    I2C2_ER_IRQHandler                       0x08000207   Thumb Code     0  startup_stm32f10x_cl.o(.text)
    I2C2_EV_IRQHandler                       0x08000207   Thumb Code     0  startup_stm32f10x_cl.o(.text)
    OTG_FS_IRQHandler                        0x08000207   Thumb Code     0  startup_stm32f10x_cl.o(.text)
    OTG_FS_WKUP_IRQHandler                   0x08000207   Thumb Code     0  startup_stm32f10x_cl.o(.text)
    PVD_IRQHandler                           0x08000207   Thumb Code     0  startup_stm32f10x_cl.o(.text)
    RCC_IRQHandler                           0x08000207   Thumb Code     0  startup_stm32f10x_cl.o(.text)
    RTCAlarm_IRQHandler                      0x08000207   Thumb Code     0  startup_stm32f10x_cl.o(.text)
    RTC_IRQHandler                           0x08000207   Thumb Code     0  startup_stm32f10x_cl.o(.text)
    SPI1_IRQHandler                          0x08000207   Thumb Code     0  startup_stm32f10x_cl.o(.text)
    SPI2_IRQHandler                          0x08000207   Thumb Code     0  startup_stm32f10x_cl.o(.text)
    SPI3_IRQHandler                          0x08000207   Thumb Code     0  startup_stm32f10x_cl.o(.text)
    TAMPER_IRQHandler                        0x08000207   Thumb Code     0  startup_stm32f10x_cl.o(.text)
    TIM1_BRK_IRQHandler                      0x08000207   Thumb Code     0  startup_stm32f10x_cl.o(.text)
    TIM1_CC_IRQHandler                       0x08000207   Thumb Code     0  startup_stm32f10x_cl.o(.text)
    TIM1_TRG_COM_IRQHandler                  0x08000207   Thumb Code     0  startup_stm32f10x_cl.o(.text)
    TIM1_UP_IRQHandler                       0x08000207   Thumb Code     0  startup_stm32f10x_cl.o(.text)
    TIM2_IRQHandler                          0x08000207   Thumb Code     0  startup_stm32f10x_cl.o(.text)
    TIM3_IRQHandler                          0x08000207   Thumb Code     0  startup_stm32f10x_cl.o(.text)
    TIM4_IRQHandler                          0x08000207   Thumb Code     0  startup_stm32f10x_cl.o(.text)
    TIM5_IRQHandler                          0x08000207   Thumb Code     0  startup_stm32f10x_cl.o(.text)
    TIM6_IRQHandler                          0x08000207   Thumb Code     0  startup_stm32f10x_cl.o(.text)
    TIM7_IRQHandler                          0x08000207   Thumb Code     0  startup_stm32f10x_cl.o(.text)
    UART4_IRQHandler                         0x08000207   Thumb Code     0  startup_stm32f10x_cl.o(.text)
    UART5_IRQHandler                         0x08000207   Thumb Code     0  startup_stm32f10x_cl.o(.text)
    USART2_IRQHandler                        0x08000207   Thumb Code     0  startup_stm32f10x_cl.o(.text)
    USART3_IRQHandler                        0x08000207   Thumb Code     0  startup_stm32f10x_cl.o(.text)
    WWDG_IRQHandler                          0x08000207   Thumb Code     0  startup_stm32f10x_cl.o(.text)
    __user_initial_stackheap                 0x08000209   Thumb Code     0  startup_stm32f10x_cl.o(.text)
    __use_no_semihosting                     0x0800022d   Thumb Code     2  use_no_semi_2.o(.text)
    __use_two_region_memory                  0x0800022f   Thumb Code     2  heapauxi.o(.text)
    __rt_heap_escrow$2region                 0x08000231   Thumb Code     2  heapauxi.o(.text)
    __rt_heap_expand$2region                 0x08000233   Thumb Code     2  heapauxi.o(.text)
    __I$use$semihosting                      0x08000235   Thumb Code     0  use_no_semi.o(.text)
    __use_no_semihosting_swi                 0x08000235   Thumb Code     2  use_no_semi.o(.text)
    __user_setup_stackheap                   0x08000237   Thumb Code    74  sys_stackheap_outer.o(.text)
    exit                                     0x08000281   Thumb Code    12  exit.o(.text)
    __user_libspace                          0x0800028d   Thumb Code     8  libspace.o(.text)
    __user_perproc_libspace                  0x0800028d   Thumb Code     0  libspace.o(.text)
    __user_perthread_libspace                0x0800028d   Thumb Code     0  libspace.o(.text)
    ADC_Cmd                                  0x08000295   Thumb Code    22  stm32f10x_adc.o(i.ADC_Cmd)
    ADC_DeInit                               0x080002ad   Thumb Code    78  stm32f10x_adc.o(i.ADC_DeInit)
    ADC_GetCalibrationStatus                 0x08000309   Thumb Code    20  stm32f10x_adc.o(i.ADC_GetCalibrationStatus)
    ADC_GetConversionValue                   0x0800031d   Thumb Code     8  stm32f10x_adc.o(i.ADC_GetConversionValue)
    ADC_GetFlagStatus                        0x08000325   Thumb Code    18  stm32f10x_adc.o(i.ADC_GetFlagStatus)
    ADC_GetResetCalibrationStatus            0x08000337   Thumb Code    20  stm32f10x_adc.o(i.ADC_GetResetCalibrationStatus)
    ADC_Init                                 0x0800034d   Thumb Code    70  stm32f10x_adc.o(i.ADC_Init)
    ADC_RegularChannelConfig                 0x0800039d   Thumb Code   184  stm32f10x_adc.o(i.ADC_RegularChannelConfig)
    ADC_ResetCalibration                     0x08000455   Thumb Code    10  stm32f10x_adc.o(i.ADC_ResetCalibration)
    ADC_SoftwareStartConvCmd                 0x0800045f   Thumb Code    22  stm32f10x_adc.o(i.ADC_SoftwareStartConvCmd)
    ADC_StartCalibration                     0x08000475   Thumb Code    10  stm32f10x_adc.o(i.ADC_StartCalibration)
    BusFault_Handler                         0x0800047f   Thumb Code     4  stm32f10x_it.o(i.BusFault_Handler)
    CAN1_RX0_IRQHandler                      0x08000485   Thumb Code    60  can.o(i.CAN1_RX0_IRQHandler)
    CAN2_RX0_IRQHandler                      0x080004cd   Thumb Code    40  can.o(i.CAN2_RX0_IRQHandler)
    CAN_FilterInit                           0x080004fd   Thumb Code   258  stm32f10x_can.o(i.CAN_FilterInit)
    CAN_ITConfig                             0x08000605   Thumb Code    18  stm32f10x_can.o(i.CAN_ITConfig)
    CAN_Init                                 0x08000617   Thumb Code   276  stm32f10x_can.o(i.CAN_Init)
    CAN_Receive                              0x0800072b   Thumb Code   240  stm32f10x_can.o(i.CAN_Receive)
    CAN_Transmit                             0x0800081b   Thumb Code   294  stm32f10x_can.o(i.CAN_Transmit)
    CAN_TransmitStatus                       0x08000941   Thumb Code   138  stm32f10x_can.o(i.CAN_TransmitStatus)
    ControlProcess                           0x080009e1   Thumb Code   422  control.o(i.ControlProcess)
    DebugMon_Handler                         0x08000bbd   Thumb Code     2  stm32f10x_it.o(i.DebugMon_Handler)
    GPIO_Init                                0x08000bbf   Thumb Code   278  stm32f10x_gpio.o(i.GPIO_Init)
    GPIO_SetBits                             0x08000cd5   Thumb Code     4  stm32f10x_gpio.o(i.GPIO_SetBits)
    Get_Adc                                  0x08000cd9   Thumb Code    46  jointcoder.o(i.Get_Adc)
    HardFault_Handler                        0x08000d0d   Thumb Code     4  stm32f10x_it.o(i.HardFault_Handler)
    IWDG_Enable                              0x08000d11   Thumb Code    10  stm32f10x_iwdg.o(i.IWDG_Enable)
    IWDG_ReloadCounter                       0x08000d21   Thumb Code    10  stm32f10x_iwdg.o(i.IWDG_ReloadCounter)
    IWDG_SetPrescaler                        0x08000d31   Thumb Code     6  stm32f10x_iwdg.o(i.IWDG_SetPrescaler)
    IWDG_SetReload                           0x08000d3d   Thumb Code     6  stm32f10x_iwdg.o(i.IWDG_SetReload)
    IWDG_WriteAccessCmd                      0x08000d49   Thumb Code     6  stm32f10x_iwdg.o(i.IWDG_WriteAccessCmd)
    LED_Init                                 0x08000d55   Thumb Code    46  led.o(i.LED_Init)
    MemManage_Handler                        0x08000d89   Thumb Code     4  stm32f10x_it.o(i.MemManage_Handler)
    NMI_Handler                              0x08000d8d   Thumb Code     2  stm32f10x_it.o(i.NMI_Handler)
    NVIC_Init                                0x08000d91   Thumb Code   100  misc.o(i.NVIC_Init)
    PID_control                              0x08000e01   Thumb Code   160  control.o(i.PID_control)
    PID_init                                 0x08000ea5   Thumb Code    28  control.o(i.PID_init)
    PendSV_Handler                           0x08000ec5   Thumb Code     2  stm32f10x_it.o(i.PendSV_Handler)
    RCC_ADCCLKConfig                         0x08000ec9   Thumb Code    18  stm32f10x_rcc.o(i.RCC_ADCCLKConfig)
    RCC_APB1PeriphClockCmd                   0x08000ee1   Thumb Code    26  stm32f10x_rcc.o(i.RCC_APB1PeriphClockCmd)
    RCC_APB2PeriphClockCmd                   0x08000f01   Thumb Code    26  stm32f10x_rcc.o(i.RCC_APB2PeriphClockCmd)
    RCC_APB2PeriphResetCmd                   0x08000f21   Thumb Code    26  stm32f10x_rcc.o(i.RCC_APB2PeriphResetCmd)
    SVC_Handler                              0x08000f41   Thumb Code     2  stm32f10x_it.o(i.SVC_Handler)
    SysTick_CLKSourceConfig                  0x08001065   Thumb Code    40  misc.o(i.SysTick_CLKSourceConfig)
    SysTick_Handler                          0x0800108d   Thumb Code    52  stm32f10x_it.o(i.SysTick_Handler)
    SystemInit                               0x080010d5   Thumb Code    92  system_stm32f10x.o(i.SystemInit)
    USART1_IRQHandler                        0x08001141   Thumb Code   122  usart.o(i.USART1_IRQHandler)
    USART_GetITStatus                        0x080011c9   Thumb Code    84  stm32f10x_usart.o(i.USART_GetITStatus)
    USART_ReceiveData                        0x0800121d   Thumb Code    10  stm32f10x_usart.o(i.USART_ReceiveData)
    UsageFault_Handler                       0x08001227   Thumb Code     4  stm32f10x_it.o(i.UsageFault_Handler)
    _sys_exit                                0x0800122b   Thumb Code     6  usart.o(i._sys_exit)
    can1ModeInit                             0x08001231   Thumb Code   248  can.o(i.can1ModeInit)
    can1MsgProcess                           0x08001331   Thumb Code   122  motor.o(i.can1MsgProcess)
    can1SendMsg                              0x080013b1   Thumb Code   108  can.o(i.can1SendMsg)
    can2ModeInit                             0x08001421   Thumb Code   248  can.o(i.can2ModeInit)
    can2SendMsg                              0x08001521   Thumb Code   126  can.o(i.can2SendMsg)
    delayInit                                0x080015a5   Thumb Code    50  delay.o(i.delayInit)
    getJointCoder                            0x080015e9   Thumb Code    36  jointcoder.o(i.getJointCoder)
    iwdgInit                                 0x0800160d   Thumb Code    36  iwdg.o(i.iwdgInit)
    jointCoderInit                           0x08001631   Thumb Code   132  jointcoder.o(i.jointCoderInit)
    jointMsgProcess                          0x080016bd   Thumb Code    92  motor.o(i.jointMsgProcess)
    main                                     0x08001721   Thumb Code   468  main.o(i.main)
    __aeabi_ddiv                             0x08001939   Thumb Code     0  ddiv.o(x$fpl$ddiv)
    _ddiv                                    0x08001939   Thumb Code   552  ddiv.o(x$fpl$ddiv)
    __aeabi_d2iz                             0x08001be9   Thumb Code     0  dfix.o(x$fpl$dfix)
    _dfix                                    0x08001be9   Thumb Code    94  dfix.o(x$fpl$dfix)
    __aeabi_i2d                              0x08001c47   Thumb Code     0  dflt_clz.o(x$fpl$dflt)
    _dflt                                    0x08001c47   Thumb Code    46  dflt_clz.o(x$fpl$dflt)
    __fpl_dnaninf                            0x08001c75   Thumb Code   156  dnaninf.o(x$fpl$dnaninf)
    __fpl_dretinf                            0x08001d11   Thumb Code    12  dretinf.o(x$fpl$dretinf)
    __aeabi_fadd                             0x08001d1d   Thumb Code     0  faddsub_clz.o(x$fpl$fadd)
    _fadd                                    0x08001d1d   Thumb Code   196  faddsub_clz.o(x$fpl$fadd)
    __aeabi_f2iz                             0x08001de1   Thumb Code     0  ffix.o(x$fpl$ffix)
    _ffix                                    0x08001de1   Thumb Code    54  ffix.o(x$fpl$ffix)
    __aeabi_i2f                              0x08001e19   Thumb Code     0  fflt_clz.o(x$fpl$fflt)
    _fflt                                    0x08001e19   Thumb Code    48  fflt_clz.o(x$fpl$fflt)
    __aeabi_fmul                             0x08001e49   Thumb Code     0  fmul.o(x$fpl$fmul)
    _fmul                                    0x08001e49   Thumb Code   258  fmul.o(x$fpl$fmul)
    __fpl_fnaninf                            0x08001f4b   Thumb Code   140  fnaninf.o(x$fpl$fnaninf)
    __fpl_fretinf                            0x08001fd7   Thumb Code    10  fretinf.o(x$fpl$fretinf)
    __aeabi_fsub                             0x08001fe1   Thumb Code     0  faddsub_clz.o(x$fpl$fsub)
    _fsub                                    0x08001fe1   Thumb Code   234  faddsub_clz.o(x$fpl$fsub)
    __I$use$fp                               0x080020ca   Number         0  usenofp.o(x$fpl$usenofp)
    Region$$Table$$Base                      0x080020cc   Number         0  anon$$obj.o(Region$$Table)
    Region$$Table$$Limit                     0x080020ec   Number         0  anon$$obj.o(Region$$Table)
    timeCountMs                              0x20000000   Data           2  main.o(.data)
    iwdgFeedTime                             0x20000002   Data           2  main.o(.data)
    ctlPeroidTime                            0x20000004   Data           2  main.o(.data)
    can1SendPeriod                           0x20000006   Data           1  main.o(.data)
    driverCheckPeriod                        0x20000007   Data           1  main.o(.data)
    count                                    0x20000008   Data           1  main.o(.data)
    kneeAngle                                0x2000000a   Data           2  main.o(.data)
    hipAngle                                 0x2000000c   Data           2  main.o(.data)
    yawAngle                                 0x2000000e   Data           2  main.o(.data)
    kneeAngleOffset                          0x20000010   Data           2  main.o(.data)
    hipAngleOffset                           0x20000012   Data           2  main.o(.data)
    yawAngleOffset                           0x20000014   Data           2  main.o(.data)
    SystemCoreClock                          0x20000018   Data           4  system_stm32f10x.o(.data)
    AHBPrescTable                            0x2000001c   Data          16  system_stm32f10x.o(.data)
    knee_pos_target                          0x2000002c   Data           2  control.o(.data)
    hip_pos_target                           0x2000002e   Data           2  control.o(.data)
    yaw_pos_target                           0x20000030   Data           2  control.o(.data)
    knee_pos_current                         0x20000032   Data           2  control.o(.data)
    hip_pos_current                          0x20000034   Data           2  control.o(.data)
    yaw_pos_current                          0x20000036   Data           2  control.o(.data)
    can1RxMsg                                0x20000038   Data           8  can.o(.data)
    can2RxMsg                                0x20000040   Data           8  can.o(.data)
    can2RxMsg1                               0x20000048   Data           8  can.o(.data)
    can1TxMsg                                0x20000050   Data           8  can.o(.data)
    test                                     0x20000058   Data           2  can.o(.data)
    can1RxFinishFlg                          0x2000005c   Data           4  can.o(.data)
    can2RxFinishFlg                          0x20000060   Data           4  can.o(.data)
    jointPositionMsg                         0x20000064   Data           8  motor.o(.data)
    jointSpeedMsg                            0x2000006c   Data           8  motor.o(.data)
    __stdout                                 0x20000078   Data           4  usart.o(.data)
    USART_RX_STA                             0x2000007c   Data           2  usart.o(.data)
    Ctl_Msgs                                 0x20000080   Data          36  control.o(.bss)
    PID                                      0x200000a4   Data          96  control.o(.bss)
    canMsgPackage                            0x20000104   Data          24  control.o(.bss)
    USART_RX_BUF                             0x2000011c   Data         200  usart.o(.bss)
    __libspace_start                         0x200001e4   Data          96  libspace.o(.bss)
    __temporary_stack_top$libspace           0x20000244   Data           0  libspace.o(.bss)



==============================================================================

Memory Map of the image

  Image Entry point : 0x08000151

  Load Region LR_IROM1 (Base: 0x08000000, Size: 0x0000216c, Max: 0x00040000, ABSOLUTE)

    Execution Region ER_IROM1 (Base: 0x08000000, Size: 0x000020ec, Max: 0x00040000, ABSOLUTE)

    Base Addr    Size         Type   Attr      Idx    E Section Name        Object

    0x08000000   0x00000150   Data   RO          308    RESET               startup_stm32f10x_cl.o
    0x08000150   0x00000008   Code   RO         2661  * !!!main             c_w.l(__main.o)
    0x08000158   0x00000034   Code   RO         2868    !!!scatter          c_w.l(__scatter.o)
    0x0800018c   0x0000001a   Code   RO         2870    !!handler_copy      c_w.l(__scatter_copy.o)
    0x080001a6   0x00000002   PAD
    0x080001a8   0x0000001c   Code   RO         2872    !!handler_zi        c_w.l(__scatter_zi.o)
    0x080001c4   0x00000002   Code   RO         2743    .ARM.Collect$$libinit$$00000000  c_w.l(libinit.o)
    0x080001c6   0x00000000   Code   RO         2750    .ARM.Collect$$libinit$$00000002  c_w.l(libinit2.o)
    0x080001c6   0x00000000   Code   RO         2752    .ARM.Collect$$libinit$$00000004  c_w.l(libinit2.o)
    0x080001c6   0x00000000   Code   RO         2755    .ARM.Collect$$libinit$$0000000A  c_w.l(libinit2.o)
    0x080001c6   0x00000000   Code   RO         2757    .ARM.Collect$$libinit$$0000000C  c_w.l(libinit2.o)
    0x080001c6   0x00000000   Code   RO         2759    .ARM.Collect$$libinit$$0000000E  c_w.l(libinit2.o)
    0x080001c6   0x00000000   Code   RO         2762    .ARM.Collect$$libinit$$00000011  c_w.l(libinit2.o)
    0x080001c6   0x00000000   Code   RO         2764    .ARM.Collect$$libinit$$00000013  c_w.l(libinit2.o)
    0x080001c6   0x00000000   Code   RO         2766    .ARM.Collect$$libinit$$00000015  c_w.l(libinit2.o)
    0x080001c6   0x00000000   Code   RO         2768    .ARM.Collect$$libinit$$00000017  c_w.l(libinit2.o)
    0x080001c6   0x00000000   Code   RO         2770    .ARM.Collect$$libinit$$00000019  c_w.l(libinit2.o)
    0x080001c6   0x00000000   Code   RO         2772    .ARM.Collect$$libinit$$0000001B  c_w.l(libinit2.o)
    0x080001c6   0x00000000   Code   RO         2774    .ARM.Collect$$libinit$$0000001D  c_w.l(libinit2.o)
    0x080001c6   0x00000000   Code   RO         2776    .ARM.Collect$$libinit$$0000001F  c_w.l(libinit2.o)
    0x080001c6   0x00000000   Code   RO         2778    .ARM.Collect$$libinit$$00000021  c_w.l(libinit2.o)
    0x080001c6   0x00000000   Code   RO         2780    .ARM.Collect$$libinit$$00000023  c_w.l(libinit2.o)
    0x080001c6   0x00000000   Code   RO         2782    .ARM.Collect$$libinit$$00000025  c_w.l(libinit2.o)
    0x080001c6   0x00000000   Code   RO         2786    .ARM.Collect$$libinit$$0000002C  c_w.l(libinit2.o)
    0x080001c6   0x00000000   Code   RO         2788    .ARM.Collect$$libinit$$0000002E  c_w.l(libinit2.o)
    0x080001c6   0x00000000   Code   RO         2790    .ARM.Collect$$libinit$$00000030  c_w.l(libinit2.o)
    0x080001c6   0x00000000   Code   RO         2792    .ARM.Collect$$libinit$$00000032  c_w.l(libinit2.o)
    0x080001c6   0x00000002   Code   RO         2793    .ARM.Collect$$libinit$$00000033  c_w.l(libinit2.o)
    0x080001c8   0x00000002   Code   RO         2811    .ARM.Collect$$libshutdown$$00000000  c_w.l(libshutdown.o)
    0x080001ca   0x00000000   Code   RO         2822    .ARM.Collect$$libshutdown$$00000003  c_w.l(libshutdown2.o)
    0x080001ca   0x00000000   Code   RO         2825    .ARM.Collect$$libshutdown$$00000006  c_w.l(libshutdown2.o)
    0x080001ca   0x00000000   Code   RO         2828    .ARM.Collect$$libshutdown$$00000009  c_w.l(libshutdown2.o)
    0x080001ca   0x00000000   Code   RO         2830    .ARM.Collect$$libshutdown$$0000000B  c_w.l(libshutdown2.o)
    0x080001ca   0x00000000   Code   RO         2833    .ARM.Collect$$libshutdown$$0000000E  c_w.l(libshutdown2.o)
    0x080001ca   0x00000002   Code   RO         2834    .ARM.Collect$$libshutdown$$0000000F  c_w.l(libshutdown2.o)
    0x080001cc   0x00000000   Code   RO         2709    .ARM.Collect$$rtentry$$00000000  c_w.l(__rtentry.o)
    0x080001cc   0x00000000   Code   RO         2720    .ARM.Collect$$rtentry$$00000002  c_w.l(__rtentry2.o)
    0x080001cc   0x00000006   Code   RO         2732    .ARM.Collect$$rtentry$$00000004  c_w.l(__rtentry4.o)
    0x080001d2   0x00000000   Code   RO         2722    .ARM.Collect$$rtentry$$00000009  c_w.l(__rtentry2.o)
    0x080001d2   0x00000004   Code   RO         2723    .ARM.Collect$$rtentry$$0000000A  c_w.l(__rtentry2.o)
    0x080001d6   0x00000000   Code   RO         2725    .ARM.Collect$$rtentry$$0000000C  c_w.l(__rtentry2.o)
    0x080001d6   0x00000008   Code   RO         2726    .ARM.Collect$$rtentry$$0000000D  c_w.l(__rtentry2.o)
    0x080001de   0x00000002   Code   RO         2747    .ARM.Collect$$rtexit$$00000000  c_w.l(rtexit.o)
    0x080001e0   0x00000000   Code   RO         2795    .ARM.Collect$$rtexit$$00000002  c_w.l(rtexit2.o)
    0x080001e0   0x00000004   Code   RO         2796    .ARM.Collect$$rtexit$$00000003  c_w.l(rtexit2.o)
    0x080001e4   0x00000006   Code   RO         2797    .ARM.Collect$$rtexit$$00000004  c_w.l(rtexit2.o)
    0x080001ea   0x00000002   PAD
    0x080001ec   0x00000040   Code   RO          309    .text               startup_stm32f10x_cl.o
    0x0800022c   0x00000002   Code   RO         2657    .text               c_w.l(use_no_semi_2.o)
    0x0800022e   0x00000006   Code   RO         2659    .text               c_w.l(heapauxi.o)
    0x08000234   0x00000002   Code   RO         2707    .text               c_w.l(use_no_semi.o)
    0x08000236   0x0000004a   Code   RO         2734    .text               c_w.l(sys_stackheap_outer.o)
    0x08000280   0x0000000c   Code   RO         2736    .text               c_w.l(exit.o)
    0x0800028c   0x00000008   Code   RO         2744    .text               c_w.l(libspace.o)
    0x08000294   0x00000016   Code   RO          381    i.ADC_Cmd           stm32f10x_adc.o
    0x080002aa   0x00000002   PAD
    0x080002ac   0x0000005c   Code   RO          383    i.ADC_DeInit        stm32f10x_adc.o
    0x08000308   0x00000014   Code   RO          389    i.ADC_GetCalibrationStatus  stm32f10x_adc.o
    0x0800031c   0x00000008   Code   RO          390    i.ADC_GetConversionValue  stm32f10x_adc.o
    0x08000324   0x00000012   Code   RO          392    i.ADC_GetFlagStatus  stm32f10x_adc.o
    0x08000336   0x00000014   Code   RO          395    i.ADC_GetResetCalibrationStatus  stm32f10x_adc.o
    0x0800034a   0x00000002   PAD
    0x0800034c   0x00000050   Code   RO          399    i.ADC_Init          stm32f10x_adc.o
    0x0800039c   0x000000b8   Code   RO          403    i.ADC_RegularChannelConfig  stm32f10x_adc.o
    0x08000454   0x0000000a   Code   RO          404    i.ADC_ResetCalibration  stm32f10x_adc.o
    0x0800045e   0x00000016   Code   RO          406    i.ADC_SoftwareStartConvCmd  stm32f10x_adc.o
    0x08000474   0x0000000a   Code   RO          408    i.ADC_StartCalibration  stm32f10x_adc.o
    0x0800047e   0x00000004   Code   RO          146    i.BusFault_Handler  stm32f10x_it.o
    0x08000482   0x00000002   PAD
    0x08000484   0x00000048   Code   RO         2448    i.CAN1_RX0_IRQHandler  can.o
    0x080004cc   0x00000030   Code   RO         2449    i.CAN2_RX0_IRQHandler  can.o
    0x080004fc   0x00000108   Code   RO          681    i.CAN_FilterInit    stm32f10x_can.o
    0x08000604   0x00000012   Code   RO          687    i.CAN_ITConfig      stm32f10x_can.o
    0x08000616   0x00000114   Code   RO          688    i.CAN_Init          stm32f10x_can.o
    0x0800072a   0x000000f0   Code   RO          691    i.CAN_Receive       stm32f10x_can.o
    0x0800081a   0x00000126   Code   RO          696    i.CAN_Transmit      stm32f10x_can.o
    0x08000940   0x000000a0   Code   RO          697    i.CAN_TransmitStatus  stm32f10x_can.o
    0x080009e0   0x000001dc   Code   RO          260    i.ControlProcess    control.o
    0x08000bbc   0x00000002   Code   RO          147    i.DebugMon_Handler  stm32f10x_it.o
    0x08000bbe   0x00000116   Code   RO          956    i.GPIO_Init         stm32f10x_gpio.o
    0x08000cd4   0x00000004   Code   RO          964    i.GPIO_SetBits      stm32f10x_gpio.o
    0x08000cd8   0x00000034   Code   RO         2536    i.Get_Adc           jointcoder.o
    0x08000d0c   0x00000004   Code   RO          148    i.HardFault_Handler  stm32f10x_it.o
    0x08000d10   0x00000010   Code   RO         2376    i.IWDG_Enable       stm32f10x_iwdg.o
    0x08000d20   0x00000010   Code   RO         2378    i.IWDG_ReloadCounter  stm32f10x_iwdg.o
    0x08000d30   0x0000000c   Code   RO         2379    i.IWDG_SetPrescaler  stm32f10x_iwdg.o
    0x08000d3c   0x0000000c   Code   RO         2380    i.IWDG_SetReload    stm32f10x_iwdg.o
    0x08000d48   0x0000000c   Code   RO         2381    i.IWDG_WriteAccessCmd  stm32f10x_iwdg.o
    0x08000d54   0x00000034   Code   RO         2418    i.LED_Init          led.o
    0x08000d88   0x00000004   Code   RO          149    i.MemManage_Handler  stm32f10x_it.o
    0x08000d8c   0x00000002   Code   RO          150    i.NMI_Handler       stm32f10x_it.o
    0x08000d8e   0x00000002   PAD
    0x08000d90   0x00000070   Code   RO          313    i.NVIC_Init         misc.o
    0x08000e00   0x000000a4   Code   RO          261    i.PID_control       control.o
    0x08000ea4   0x00000020   Code   RO          262    i.PID_init          control.o
    0x08000ec4   0x00000002   Code   RO          151    i.PendSV_Handler    stm32f10x_it.o
    0x08000ec6   0x00000002   PAD
    0x08000ec8   0x00000018   Code   RO         1064    i.RCC_ADCCLKConfig  stm32f10x_rcc.o
    0x08000ee0   0x00000020   Code   RO         1067    i.RCC_APB1PeriphClockCmd  stm32f10x_rcc.o
    0x08000f00   0x00000020   Code   RO         1069    i.RCC_APB2PeriphClockCmd  stm32f10x_rcc.o
    0x08000f20   0x00000020   Code   RO         1070    i.RCC_APB2PeriphResetCmd  stm32f10x_rcc.o
    0x08000f40   0x00000002   Code   RO          152    i.SVC_Handler       stm32f10x_it.o
    0x08000f42   0x00000008   Code   RO          214    i.SetSysClock       system_stm32f10x.o
    0x08000f4a   0x00000002   PAD
    0x08000f4c   0x00000118   Code   RO          215    i.SetSysClockTo72   system_stm32f10x.o
    0x08001064   0x00000028   Code   RO          317    i.SysTick_CLKSourceConfig  misc.o
    0x0800108c   0x00000048   Code   RO          153    i.SysTick_Handler   stm32f10x_it.o
    0x080010d4   0x0000006c   Code   RO          217    i.SystemInit        system_stm32f10x.o
    0x08001140   0x00000088   Code   RO         2614    i.USART1_IRQHandler  usart.o
    0x080011c8   0x00000054   Code   RO         2150    i.USART_GetITStatus  stm32f10x_usart.o
    0x0800121c   0x0000000a   Code   RO         2160    i.USART_ReceiveData  stm32f10x_usart.o
    0x08001226   0x00000004   Code   RO          154    i.UsageFault_Handler  stm32f10x_it.o
    0x0800122a   0x00000006   Code   RO         2615    i._sys_exit         usart.o
    0x08001230   0x00000100   Code   RO         2450    i.can1ModeInit      can.o
    0x08001330   0x00000080   Code   RO         2497    i.can1MsgProcess    motor.o
    0x080013b0   0x00000070   Code   RO         2451    i.can1SendMsg       can.o
    0x08001420   0x00000100   Code   RO         2452    i.can2ModeInit      can.o
    0x08001520   0x00000084   Code   RO         2453    i.can2SendMsg       can.o
    0x080015a4   0x00000044   Code   RO         2560    i.delayInit         delay.o
    0x080015e8   0x00000024   Code   RO         2537    i.getJointCoder     jointcoder.o
    0x0800160c   0x00000024   Code   RO          248    i.iwdgInit          iwdg.o
    0x08001630   0x0000008c   Code   RO         2538    i.jointCoderInit    jointcoder.o
    0x080016bc   0x00000064   Code   RO         2499    i.jointMsgProcess   motor.o
    0x08001720   0x00000218   Code   RO            1    i.main              main.o
    0x08001938   0x000002b0   Code   RO         2670    x$fpl$ddiv          fz_ws.l(ddiv.o)
    0x08001be8   0x0000005e   Code   RO         2673    x$fpl$dfix          fz_ws.l(dfix.o)
    0x08001c46   0x0000002e   Code   RO         2682    x$fpl$dflt          fz_ws.l(dflt_clz.o)
    0x08001c74   0x0000009c   Code   RO         2710    x$fpl$dnaninf       fz_ws.l(dnaninf.o)
    0x08001d10   0x0000000c   Code   RO         2712    x$fpl$dretinf       fz_ws.l(dretinf.o)
    0x08001d1c   0x000000c4   Code   RO         2689    x$fpl$fadd          fz_ws.l(faddsub_clz.o)
    0x08001de0   0x00000036   Code   RO         2695    x$fpl$ffix          fz_ws.l(ffix.o)
    0x08001e16   0x00000002   PAD
    0x08001e18   0x00000030   Code   RO         2700    x$fpl$fflt          fz_ws.l(fflt_clz.o)
    0x08001e48   0x00000102   Code   RO         2705    x$fpl$fmul          fz_ws.l(fmul.o)
    0x08001f4a   0x0000008c   Code   RO         2714    x$fpl$fnaninf       fz_ws.l(fnaninf.o)
    0x08001fd6   0x0000000a   Code   RO         2716    x$fpl$fretinf       fz_ws.l(fretinf.o)
    0x08001fe0   0x000000ea   Code   RO         2691    x$fpl$fsub          fz_ws.l(faddsub_clz.o)
    0x080020ca   0x00000000   Code   RO         2718    x$fpl$usenofp       fz_ws.l(usenofp.o)
    0x080020ca   0x00000002   PAD
    0x080020cc   0x00000020   Data   RO         2866    Region$$Table       anon$$obj.o


    Execution Region RW_IRAM1 (Base: 0x20000000, Size: 0x00000848, Max: 0x00010000, ABSOLUTE)

    Base Addr    Size         Type   Attr      Idx    E Section Name        Object

    0x20000000   0x00000016   Data   RW            2    .data               main.o
    0x20000016   0x00000002   PAD
    0x20000018   0x00000014   Data   RW          218    .data               system_stm32f10x.o
    0x2000002c   0x0000000c   Data   RW          264    .data               control.o
    0x20000038   0x0000002c   Data   RW         2454    .data               can.o
    0x20000064   0x00000010   Data   RW         2500    .data               motor.o
    0x20000074   0x00000004   Data   RW         2563    .data               delay.o
    0x20000078   0x00000006   Data   RW         2619    .data               usart.o
    0x2000007e   0x00000002   PAD
    0x20000080   0x0000009c   Zero   RW          263    .bss                control.o
    0x2000011c   0x000000c8   Zero   RW         2618    .bss                usart.o
    0x200001e4   0x00000060   Zero   RW         2745    .bss                c_w.l(libspace.o)
    0x20000244   0x00000004   PAD
    0x20000248   0x00000200   Zero   RW          307    HEAP                startup_stm32f10x_cl.o
    0x20000448   0x00000400   Zero   RW          306    STACK               startup_stm32f10x_cl.o


==============================================================================

Image component sizes


      Code (inc. data)   RO Data    RW Data    ZI Data      Debug   Object Name

       876         46          0         44          0       5306   can.o
       672         62          0         12        156       3502   control.o
         0          0          0          0          0         32   core_cm3.o
        68         18          0          4          0        656   delay.o
        36          0          0          0          0        499   iwdg.o
       228         14          0          0          0       1771   jointcoder.o
        52          6          0          0          0        475   led.o
       536         68          0         22          0     256365   main.o
       152         12          0          0          0     240066   misc.o
       228         14          0         16          0       1776   motor.o
        64         26        336          0       1536        796   startup_stm32f10x_cl.o
       486         24          0          0          0       8410   stm32f10x_adc.o
      1252         28          0          0          0       5005   stm32f10x_can.o
       282          0          0          0          0       2463   stm32f10x_gpio.o
        96         20          0          0          0       3666   stm32f10x_it.o
        68         30          0          0          0       2442   stm32f10x_iwdg.o
       120         24          0          0          0       2210   stm32f10x_rcc.o
        94          0          0          0          0       2688   stm32f10x_usart.o
       396         32          0         20          0       2073   system_stm32f10x.o
       142         14          0          6        200       2884   usart.o

    ----------------------------------------------------------------------
      5860        438        368        128       1892     543085   Object Totals
         0          0         32          0          0          0   (incl. Generated)
        12          0          0          4          0          0   (incl. Padding)

    ----------------------------------------------------------------------

      Code (inc. data)   RO Data    RW Data    ZI Data      Debug   Library Member Name

         8          0          0          0          0         68   __main.o
         0          0          0          0          0          0   __rtentry.o
        12          0          0          0          0          0   __rtentry2.o
         6          0          0          0          0          0   __rtentry4.o
        52          8          0          0          0          0   __scatter.o
        26          0          0          0          0          0   __scatter_copy.o
        28          0          0          0          0          0   __scatter_zi.o
        12          0          0          0          0         72   exit.o
         6          0          0          0          0        152   heapauxi.o
         2          0          0          0          0          0   libinit.o
         2          0          0          0          0          0   libinit2.o
         2          0          0          0          0          0   libshutdown.o
         2          0          0          0          0          0   libshutdown2.o
         8          4          0          0         96         68   libspace.o
         2          0          0          0          0          0   rtexit.o
        10          0          0          0          0          0   rtexit2.o
        74          0          0          0          0         80   sys_stackheap_outer.o
         2          0          0          0          0         68   use_no_semi.o
         2          0          0          0          0         68   use_no_semi_2.o
       688        140          0          0          0        208   ddiv.o
        94          4          0          0          0         92   dfix.o
        46          0          0          0          0         68   dflt_clz.o
       156          4          0          0          0         92   dnaninf.o
        12          0          0          0          0         68   dretinf.o
       430          8          0          0          0        168   faddsub_clz.o
        54          4          0          0          0         84   ffix.o
        48          0          0          0          0         68   fflt_clz.o
       258          4          0          0          0         84   fmul.o
       140          4          0          0          0         84   fnaninf.o
        10          0          0          0          0         68   fretinf.o
         0          0          0          0          0          0   usenofp.o

    ----------------------------------------------------------------------
      2200        180          0          0        100       1660   Library Totals
         8          0          0          0          4          0   (incl. Padding)

    ----------------------------------------------------------------------

      Code (inc. data)   RO Data    RW Data    ZI Data      Debug   Library Name

       256         12          0          0         96        576   c_w.l
      1936        168          0          0          0       1084   fz_ws.l

    ----------------------------------------------------------------------
      2200        180          0          0        100       1660   Library Totals

    ----------------------------------------------------------------------

==============================================================================


      Code (inc. data)   RO Data    RW Data    ZI Data      Debug   

      8060        618        368        128       1992     540841   Grand Totals
      8060        618        368        128       1992     540841   ELF Image Totals
      8060        618        368        128          0          0   ROM Totals

==============================================================================

    Total RO  Size (Code + RO Data)                 8428 (   8.23kB)
    Total RW  Size (RW Data + ZI Data)              2120 (   2.07kB)
    Total ROM Size (Code + RO Data + RW Data)       8556 (   8.36kB)

==============================================================================

